Component: ARM Compiler 5.06 update 5 (build 528) Tool: armlink [4d35e2]

==============================================================================

Section Cross References

    main.o(i.gpio_init) refers to main.o(i.nrf_gpio_cfg_output) for nrf_gpio_cfg_output
    main.o(i.gpio_init) refers to main.o(i.nrf_gpio_cfg) for nrf_gpio_cfg
    main.o(i.main) refers to ble_custom.o(i.ble_stack_init) for ble_stack_init
    main.o(i.main) refers to app_timer.o(i.app_timer_init) for app_timer_init
    main.o(i.main) refers to app_error.o(i.app_error_handler_bare) for app_error_handler_bare
    main.o(i.main) refers to i2c_sensor.o(i.twi_init) for twi_init
    main.o(i.main) refers to uart.o(i.uart_init) for uart_init
    main.o(i.main) refers to main.o(i.gpio_init) for gpio_init
    main.o(i.main) refers to adc.o(i.saadc_init) for saadc_init
    main.o(i.main) refers to adc.o(i.saadc_sampling_event_init) for saadc_sampling_event_init
    main.o(i.main) refers to adc.o(i.saadc_sampling_event_enable) for saadc_sampling_event_enable
    main.o(i.main) refers to i2c_sensor.o(i.nrf_bno055_init) for nrf_bno055_init
    main.o(i.main) refers to lps25h.o(i.lps25hInit) for lps25hInit
    main.o(i.main) refers to lps25h.o(i.lps25hSetEnabled) for lps25hSetEnabled
    main.o(i.main) refers to ble_custom.o(i.gap_params_init) for gap_params_init
    main.o(i.main) refers to ble_custom.o(i.services_init) for services_init
    main.o(i.main) refers to ble_custom.o(i.advertising_init) for advertising_init
    main.o(i.main) refers to ble_custom.o(i.conn_params_init) for conn_params_init
    main.o(i.main) refers to printfa.o(i.__0printf) for __2printf
    main.o(i.main) refers to ble_advertising.o(i.ble_advertising_start) for ble_advertising_start
    main.o(i.main) refers to button.o(i.button_init) for button_init
    main.o(i.main) refers to ble_custom.o(i.power_manage) for power_manage
    main.o(i.main) refers to main.o(i.nrf_delay_us) for nrf_delay_us
    main.o(i.main) refers to main.o(.bss) for .bss
    main.o(i.main) refers to button.o(.data) for device_state
    main.o(i.nrf_delay_us) refers to system_nrf52.o(.data) for SystemCoreClock
    main.o(i.nrf_gpio_cfg_output) refers to main.o(i.nrf_gpio_cfg) for nrf_gpio_cfg
    ble_custom.o(i.advertising_init) refers to memseta.o(.text) for __aeabi_memclr4
    ble_custom.o(i.advertising_init) refers to ble_advertising.o(i.ble_advertising_init) for ble_advertising_init
    ble_custom.o(i.advertising_init) refers to app_error.o(i.app_error_handler_bare) for app_error_handler_bare
    ble_custom.o(i.advertising_init) refers to ble_custom.o(.data) for .data
    ble_custom.o(i.advertising_init) refers to ble_custom.o(i.on_adv_evt) for on_adv_evt
    ble_custom.o(i.assert_nrf_callback) refers to app_error.o(i.app_error_handler) for app_error_handler
    ble_custom.o(i.ble_evt_dispatch) refers to ble_conn_params.o(i.ble_conn_params_on_ble_evt) for ble_conn_params_on_ble_evt
    ble_custom.o(i.ble_evt_dispatch) refers to ble_nus.o(i.ble_nus_on_ble_evt) for ble_nus_on_ble_evt
    ble_custom.o(i.ble_evt_dispatch) refers to ble_custom.o(i.on_ble_evt) for on_ble_evt
    ble_custom.o(i.ble_evt_dispatch) refers to ble_advertising.o(i.ble_advertising_on_ble_evt) for ble_advertising_on_ble_evt
    ble_custom.o(i.ble_evt_dispatch) refers to bsp_btn_ble.o(i.bsp_btn_ble_on_ble_evt) for bsp_btn_ble_on_ble_evt
    ble_custom.o(i.ble_evt_dispatch) refers to ble_custom.o(.bss) for .bss
    ble_custom.o(i.ble_stack_init) refers to softdevice_handler.o(i.softdevice_handler_init) for softdevice_handler_init
    ble_custom.o(i.ble_stack_init) refers to app_error.o(i.app_error_handler_bare) for app_error_handler_bare
    ble_custom.o(i.ble_stack_init) refers to softdevice_handler.o(i.softdevice_enable_get_default_config) for softdevice_enable_get_default_config
    ble_custom.o(i.ble_stack_init) refers to softdevice_handler.o(i.softdevice_enable) for softdevice_enable
    ble_custom.o(i.ble_stack_init) refers to softdevice_handler.o(i.softdevice_ble_evt_handler_set) for softdevice_ble_evt_handler_set
    ble_custom.o(i.ble_stack_init) refers to ble_custom.o(.constdata) for .constdata
    ble_custom.o(i.ble_stack_init) refers to ble_custom.o(.bss) for .bss
    ble_custom.o(i.ble_stack_init) refers to ble_custom.o(i.ble_evt_dispatch) for ble_evt_dispatch
    ble_custom.o(i.bsp_event_handler) refers to ble_custom.o(i.sleep_mode_enter) for sleep_mode_enter
    ble_custom.o(i.bsp_event_handler) refers to app_error.o(i.app_error_handler_bare) for app_error_handler_bare
    ble_custom.o(i.bsp_event_handler) refers to ble_advertising.o(i.ble_advertising_restart_without_whitelist) for ble_advertising_restart_without_whitelist
    ble_custom.o(i.bsp_event_handler) refers to ble_custom.o(.data) for .data
    ble_custom.o(i.buttons_leds_init) refers to bsp.o(i.bsp_init) for bsp_init
    ble_custom.o(i.buttons_leds_init) refers to app_error.o(i.app_error_handler_bare) for app_error_handler_bare
[...]
    user_op_alloc                            0x00024f71   Thumb Code    42  app_timer.o(i.user_op_alloc)
    i.uuid_list_encode                       0x00024fa0   Section        0  ble_advdata.o(i.uuid_list_encode)
    uuid_list_encode                         0x00024fa1   Thumb Code    48  ble_advdata.o(i.uuid_list_encode)
    i.uuid_list_sized_encode                 0x00024fd0   Section        0  ble_advdata.o(i.uuid_list_sized_encode)
    uuid_list_sized_encode                   0x00024fd1   Thumb Code   158  ble_advdata.o(i.uuid_list_sized_encode)
    .constdata                               0x00025070   Section        4  ble_custom.o(.constdata)
    .constdata                               0x00025074   Section       24  uart.o(.constdata)
    .constdata                               0x0002508c   Section        4  button.o(.constdata)
    long_button                              0x0002508c   Data           4  button.o(.constdata)
    .constdata                               0x00025090   Section       24  i2c_sensor.o(.constdata)
    m_twi                                    0x00025090   Data           8  i2c_sensor.o(.constdata)
    .constdata                               0x000250a8   Section        8  lps25h.o(.constdata)
    m_twi                                    0x000250a8   Data           8  lps25h.o(.constdata)
    .constdata                               0x000250b0   Section       37  adc.o(.constdata)
    .constdata                               0x000250d5   Section        4  boards.o(.constdata)
    m_board_btn_list                         0x000250d5   Data           1  boards.o(.constdata)
    m_board_led_list                         0x000250d6   Data           3  boards.o(.constdata)
    .constdata                               0x000250dc   Section       20  bsp.o(.constdata)
    m_leds_timer_id                          0x000250dc   Data           4  bsp.o(.constdata)
    m_alert_timer_id                         0x000250e0   Data           4  bsp.o(.constdata)
    m_button_timer_id                        0x000250e4   Data           4  bsp.o(.constdata)
    app_buttons                              0x000250e8   Data           8  bsp.o(.constdata)
    .constdata                               0x000250f0   Section        4  ble_conn_params.o(.constdata)
    m_conn_params_timer_id                   0x000250f0   Data           4  ble_conn_params.o(.constdata)
    .constdata                               0x000250f4   Section       16  ble_nus.o(.constdata)
    .constdata                               0x00025104   Section        4  nrf_drv_gpiote.o(.constdata)
    .constdata                               0x00025108   Section       12  nrf_drv_twi.o(.constdata)
    .constdata                               0x00025114   Section        4  nrf_drv_saadc.o(.constdata)
    m_default_config                         0x00025114   Data           4  nrf_drv_saadc.o(.constdata)
    .constdata                               0x00025118   Section        8  app_button.o(.constdata)
    m_detection_delay_timer_id               0x00025118   Data           4  app_button.o(.constdata)
    .constdata                               0x00025120   Section       32  app_uart_fifo.o(.constdata)
    .constdata                               0x00025140   Section       32  nrf_log_backend_serial.o(.constdata)
    .constdata                               0x00025160   Section       36  nrf_log_frontend.o(.constdata)
    .conststring                             0x00025184   Section       11  nrf_log_frontend.o(.conststring)
    .conststring                             0x00025190   Section       66  softdevice_handler.o(.conststring)
    .data                                    0x20002128   Section        6  ble_custom.o(.data)
    m_adv_uuids                              0x2000212a   Data           4  ble_custom.o(.data)
    .data                                    0x2000212e   Section        1  uart.o(.data)
    index                                    0x2000212e   Data           1  uart.o(.data)
    .data                                    0x20002130   Section       16  button.o(.data)
    turn_on_time                             0x20002134   Data           4  button.o(.data)
    app_button_config                        0x20002138   Data           8  button.o(.data)
    .data                                    0x20002140   Section        2  lps25h.o(.data)
    devAddr                                  0x20002140   Data           1  lps25h.o(.data)
    isInit                                   0x20002141   Data           1  lps25h.o(.data)
    .data                                    0x20002144   Section        4  bno055.o(.data)
    p_bno055                                 0x20002144   Data           4  bno055.o(.data)
    .data                                    0x20002148   Section       28  adc.o(.data)
    timeFlag                                 0x20002149   Data           1  adc.o(.data)
    .data                                    0x20002164   Section       20  bsp.o(.data)
    m_stable_state                           0x20002164   Data           1  bsp.o(.data)
    m_leds_clear                             0x20002165   Data           1  bsp.o(.data)
    current_long_push_pin_no                 0x20002166   Data           1  bsp.o(.data)
    release_event_at_push                    0x20002167   Data           1  bsp.o(.data)
    m_events_list                            0x20002168   Data           3  bsp.o(.data)
    m_app_ticks_per_100ms                    0x2000216c   Data           4  bsp.o(.data)
    m_indication_type                        0x20002170   Data           4  bsp.o(.data)
    m_registered_callback                    0x20002174   Data           4  bsp.o(.data)
    .data                                    0x20002178   Section        8  bsp_btn_ble.o(.data)
    m_error_handler                          0x20002178   Data           4  bsp_btn_ble.o(.data)
    m_num_connections                        0x2000217c   Data           4  bsp_btn_ble.o(.data)
    .data                                    0x20002180   Section       31  ble_advertising.o(.data)
    m_initialized                            0x20002180   Data           1  ble_advertising.o(.data)
    m_advertising_start_pending              0x20002181   Data           1  ble_advertising.o(.data)
    m_adv_evt                                0x20002182   Data           1  ble_advertising.o(.data)
    m_adv_mode_current                       0x20002183   Data           1  ble_advertising.o(.data)
    m_peer_addr_reply_expected               0x20002184   Data           1  ble_advertising.o(.data)
    m_whitelist_temporarily_disabled         0x20002185   Data           1  ble_advertising.o(.data)
    m_whitelist_reply_expected               0x20002186   Data           1  ble_advertising.o(.data)
    m_whitelist_in_use                       0x20002187   Data           1  ble_advertising.o(.data)
    m_current_slave_link_conn_handle         0x20002188   Data           2  ble_advertising.o(.data)
    m_slave_conn_int                         0x2000218a   Data           4  ble_advertising.o(.data)
    m_evt_handler                            0x20002190   Data           4  ble_advertising.o(.data)
    m_error_handler                          0x20002194   Data           4  ble_advertising.o(.data)
    m_peer_address                           0x20002198   Data           7  ble_advertising.o(.data)
    .data                                    0x200021a0   Section       20  ble_conn_params.o(.data)
    m_change_param                           0x200021a0   Data           1  ble_conn_params.o(.data)
    m_update_count                           0x200021a1   Data           1  ble_conn_params.o(.data)
    m_conn_handle                            0x200021a2   Data           2  ble_conn_params.o(.data)
    m_preferred_conn_params                  0x200021a4   Data           8  ble_conn_params.o(.data)
    m_current_conn_params                    0x200021ac   Data           8  ble_conn_params.o(.data)
    .data                                    0x200021b4   Section        8  nrf_drv_ppi.o(.data)
    m_drv_state                              0x200021b4   Data           1  nrf_drv_ppi.o(.data)
    m_groups_allocated                       0x200021b5   Data           1  nrf_drv_ppi.o(.data)
    m_channels_allocated                     0x200021b8   Data           4  nrf_drv_ppi.o(.data)
    .data                                    0x200021bc   Section        8  nrf_drv_pwm.o(.data)
    m_cb                                     0x200021bc   Data           8  nrf_drv_pwm.o(.data)
    .data                                    0x200021c4   Section       20  app_button.o(.data)
    m_button_count                           0x200021c4   Data           1  app_button.o(.data)
    mp_buttons                               0x200021c8   Data           4  app_button.o(.data)
    m_detection_delay                        0x200021cc   Data           4  app_button.o(.data)
    m_pin_state                              0x200021d0   Data           4  app_button.o(.data)
    m_pin_transition                         0x200021d4   Data           4  app_button.o(.data)
    .data                                    0x200021d8   Section       32  app_timer.o(.data)
    m_ticks_elapsed_q_read_ind               0x200021d8   Data           1  app_timer.o(.data)
    m_ticks_elapsed_q_write_ind              0x200021d9   Data           1  app_timer.o(.data)
    m_rtc1_running                           0x200021da   Data           1  app_timer.o(.data)
    m_rtc1_reset                             0x200021db   Data           1  app_timer.o(.data)
    mp_timer_id_head                         0x200021dc   Data           4  app_timer.o(.data)
    m_ticks_latest                           0x200021e0   Data           4  app_timer.o(.data)
    m_evt_schedule_func                      0x200021e4   Data           4  app_timer.o(.data)
    m_op_queue                               0x200021e8   Data           8  app_timer.o(.data)
    m_ticks_elapsed                          0x200021f0   Data           8  app_timer.o(.data)
    .data                                    0x200021f8   Section       16  app_uart_fifo.o(.data)
    tx_buffer                                0x200021f8   Data           1  app_uart_fifo.o(.data)
    rx_buffer                                0x200021f9   Data           1  app_uart_fifo.o(.data)
    m_rx_ovf                                 0x200021fa   Data           1  app_uart_fifo.o(.data)
    m_event_handler                          0x200021fc   Data           4  app_uart_fifo.o(.data)
    app_uart_inst                            0x20002200   Data           8  app_uart_fifo.o(.data)
    .data                                    0x20002208   Section        4  retarget.o(.data)
    .data                                    0x2000220c   Section       12  nrf_log_backend_serial.o(.data)
    m_initialized                            0x2000220c   Data           1  nrf_log_backend_serial.o(.data)
    m_blocking_mode                          0x2000220d   Data           1  nrf_log_backend_serial.o(.data)
    m_rx_done                                0x2000220e   Data           1  nrf_log_backend_serial.o(.data)
    m_uart                                   0x20002210   Data           8  nrf_log_backend_serial.o(.data)
    .data                                    0x20002218   Section        4  nrf_log_frontend.o(.data)
    m_overflow_info                          0x20002218   Data           4  nrf_log_frontend.o(.data)
    .data                                    0x2000221c   Section       20  softdevice_handler.o(.data)
    m_softdevice_enabled                     0x2000221c   Data           1  softdevice_handler.o(.data)
    m_suspended                              0x2000221d   Data           1  softdevice_handler.o(.data)
    m_ble_evt_buffer_size                    0x2000221e   Data           2  softdevice_handler.o(.data)
    m_evt_schedule_func                      0x20002220   Data           4  softdevice_handler.o(.data)
    mp_ble_evt_buffer                        0x20002224   Data           4  softdevice_handler.o(.data)
    m_ble_evt_handler                        0x20002228   Data           4  softdevice_handler.o(.data)
    m_sys_evt_handler                        0x2000222c   Data           4  softdevice_handler.o(.data)
    .data                                    0x20002230   Section        4  system_nrf52.o(.data)
    __tagsym$$used                           0x20002230   Number         0  system_nrf52.o(.data)
    .bss                                     0x20002234   Section      120  main.o(.bss)
    APP_TIMER_BUF                            0x20002234   Data         120  main.o(.bss)
    .bss                                     0x200022ac   Section      108  ble_custom.o(.bss)
    BLE_EVT_BUFFER                           0x200022ac   Data          80  ble_custom.o(.bss)
    .bss                                     0x20002318   Section      532  uart.o(.bss)
    data_array                               0x20002318   Data          20  uart.o(.bss)
    rx_buf                                   0x2000232c   Data         256  uart.o(.bss)
    tx_buf                                   0x2000242c   Data         256  uart.o(.bss)
    .bss                                     0x2000252c   Section       32  button.o(.bss)
    long_button_data                         0x2000252c   Data          32  button.o(.bss)
    .bss                                     0x2000254c   Section       24  i2c_sensor.o(.bss)
    .bss                                     0x20002564   Section      240  adc.o(.bss)
    sampleTime                               0x2000262c   Data          40  adc.o(.bss)
    .bss                                     0x20002654   Section       32  bsp.o(.bss)
    m_leds_timer_id_data                     0x20002654   Data          32  bsp.o(.bss)
    .bss                                     0x20002674   Section       32  bsp.o(.bss)
    m_alert_timer_id_data                    0x20002674   Data          32  bsp.o(.bss)
    .bss                                     0x20002694   Section       32  bsp.o(.bss)
    m_button_timer_id_data                   0x20002694   Data          32  bsp.o(.bss)
    .bss                                     0x200026b4   Section      179  ble_advertising.o(.bss)
    m_adv_modes_config                       0x200026b4   Data          32  ble_advertising.o(.bss)
    m_advdata                                0x200026d4   Data          60  ble_advertising.o(.bss)
    m_manuf_specific_data                    0x20002710   Data          12  ble_advertising.o(.bss)
    m_manuf_data_array                       0x2000271c   Data          31  ble_advertising.o(.bss)
    m_service_data                           0x2000273c   Data          12  ble_advertising.o(.bss)
    m_service_data_array                     0x20002748   Data          31  ble_advertising.o(.bss)
    .bss                                     0x20002768   Section       32  ble_conn_params.o(.bss)
    m_conn_params_timer_id_data              0x20002768   Data          32  ble_conn_params.o(.bss)
    .bss                                     0x20002788   Section       28  ble_conn_params.o(.bss)
    m_conn_params_config                     0x20002788   Data          28  ble_conn_params.o(.bss)
    .bss                                     0x200027a4   Section       20  nrf_drv_clock.o(.bss)
    m_clock_cb                               0x200027a4   Data          20  nrf_drv_clock.o(.bss)
    .bss                                     0x200027b8   Section       88  nrf_drv_gpiote.o(.bss)
    m_cb                                     0x200027b8   Data          88  nrf_drv_gpiote.o(.bss)
    .bss                                     0x20002810   Section       32  nrf_drv_uart.o(.bss)
    m_cb                                     0x20002810   Data          32  nrf_drv_uart.o(.bss)
    .bss                                     0x20002830   Section       40  nrf_drv_twi.o(.bss)
    m_cb                                     0x20002830   Data          40  nrf_drv_twi.o(.bss)
    .bss                                     0x20002858   Section       48  nrf_drv_saadc.o(.bss)
    m_cb                                     0x20002858   Data          48  nrf_drv_saadc.o(.bss)
    .bss                                     0x20002888   Section       48  nrf_drv_timer.o(.bss)
    m_cb                                     0x20002888   Data          48  nrf_drv_timer.o(.bss)
    .bss                                     0x200028b8   Section       32  app_button.o(.bss)
    m_detection_delay_timer_id_data          0x200028b8   Data          32  app_button.o(.bss)
    .bss                                     0x200028d8   Section       32  app_uart_fifo.o(.bss)
    m_rx_fifo                                0x200028d8   Data          16  app_uart_fifo.o(.bss)
    m_tx_fifo                                0x200028e8   Data          16  app_uart_fifo.o(.bss)
    .bss                                     0x200028f8   Section       12  app_util_platform.o(.bss)
    .bss                                     0x20002904   Section      104  fstorage.o(.bss)
    m_queue                                  0x20002904   Data         104  fstorage.o(.bss)
    .bss                                     0x2000296c   Section     1048  nrf_log_frontend.o(.bss)
    m_log_data                               0x2000296c   Data        1048  nrf_log_frontend.o(.bss)
    STACK                                    0x20002d88   Section     8192  arm_startup_nrf52.o(STACK)

    Global Symbols

    Symbol Name                              Value     Ov Type        Size  Object(Section)

    BuildAttributes$$THM_ISAv4$E$P$D$K$B$S$7EM$VFPi3$EXTD16$VFPS$VFMA$PE$A:L22UL41UL21$X:L11$S22US41US21$IEEE1$IW$USESV6$~STKCKD$USESV7$~SHL$OTIME$ROPI$IEEEX$EBA8$MICROLIB$REQ8$PRES8$EABIv2 0x00000000   Number         0  anon$$obj.o ABSOLUTE
    __ARM_use_no_argv                        0x00000000   Number         0  main.o ABSOLUTE
    _printf_a                                0x00000000   Number         0  stubs.o ABSOLUTE
    _printf_c                                0x00000000   Number         0  stubs.o ABSOLUTE
    _printf_charcount                        0x00000000   Number         0  stubs.o ABSOLUTE
    _printf_d                                0x00000000   Number         0  stubs.o ABSOLUTE
    _printf_e                                0x00000000   Number         0  stubs.o ABSOLUTE
    _printf_f                                0x00000000   Number         0  stubs.o ABSOLUTE
    _printf_flags                            0x00000000   Number         0  stubs.o ABSOLUTE
    _printf_fp_dec                           0x00000000   Number         0  stubs.o ABSOLUTE
    _printf_fp_hex                           0x00000000   Number         0  stubs.o ABSOLUTE
    _printf_g                                0x00000000   Number         0  stubs.o ABSOLUTE
    _printf_i                                0x00000000   Number         0  stubs.o ABSOLUTE
    _printf_int_dec                          0x00000000   Number         0  stubs.o ABSOLUTE
    _printf_l                                0x00000000   Number         0  stubs.o ABSOLUTE
    _printf_lc                               0x00000000   Number         0  stubs.o ABSOLUTE
    _printf_ll                               0x00000000   Number         0  stubs.o ABSOLUTE
    _printf_lld                              0x00000000   Number         0  stubs.o ABSOLUTE
    _printf_lli                              0x00000000   Number         0  stubs.o ABSOLUTE
    _printf_llo                              0x00000000   Number         0  stubs.o ABSOLUTE
    _printf_llu                              0x00000000   Number         0  stubs.o ABSOLUTE
    _printf_llx                              0x00000000   Number         0  stubs.o ABSOLUTE
    _printf_longlong_dec                     0x00000000   Number         0  stubs.o ABSOLUTE
    _printf_longlong_hex                     0x00000000   Number         0  stubs.o ABSOLUTE
    _printf_longlong_oct                     0x00000000   Number         0  stubs.o ABSOLUTE
    _printf_ls                               0x00000000   Number         0  stubs.o ABSOLUTE
    _printf_mbtowc                           0x00000000   Number         0  stubs.o ABSOLUTE
    _printf_n                                0x00000000   Number         0  stubs.o ABSOLUTE
    _printf_o                                0x00000000   Number         0  stubs.o ABSOLUTE
    _printf_p                                0x00000000   Number         0  stubs.o ABSOLUTE
    _printf_percent                          0x00000000   Number         0  stubs.o ABSOLUTE
    _printf_pre_padding                      0x00000000   Number         0  stubs.o ABSOLUTE
    _printf_return_value                     0x00000000   Number         0  stubs.o ABSOLUTE
    _printf_s                                0x00000000   Number         0  stubs.o ABSOLUTE
    _printf_sizespec                         0x00000000   Number         0  stubs.o ABSOLUTE
    _printf_str                              0x00000000   Number         0  stubs.o ABSOLUTE
    _printf_truncate_signed                  0x00000000   Number         0  stubs.o ABSOLUTE
    _printf_truncate_unsigned                0x00000000   Number         0  stubs.o ABSOLUTE
    _printf_u                                0x00000000   Number         0  stubs.o ABSOLUTE
    _printf_wc                               0x00000000   Number         0  stubs.o ABSOLUTE
    _printf_wctomb                           0x00000000   Number         0  stubs.o ABSOLUTE
    _printf_widthprec                        0x00000000   Number         0  stubs.o ABSOLUTE
    _printf_x                                0x00000000   Number         0  stubs.o ABSOLUTE
    __cpp_initialize__aeabi_                  - Undefined Weak Reference
    __cxa_finalize                            - Undefined Weak Reference
    __decompress                              - Undefined Weak Reference
    _clock_init                               - Undefined Weak Reference
    _microlib_exit                            - Undefined Weak Reference
    fs_data$$Base                             - Undefined Reference
    fs_data$$Limit                            - Undefined Reference
    __Vectors_Size                           0x00000200   Number         0  arm_startup_nrf52.o ABSOLUTE
    __Vectors                                0x0001f000   Data           4  arm_startup_nrf52.o(RESET)
    __Vectors_End                            0x0001f200   Data           0  arm_startup_nrf52.o(RESET)
    __main                                   0x0001f201   Thumb Code     0  entry.o(.ARM.Collect$$$$00000000)
    _main_stk                                0x0001f201   Thumb Code     0  entry2.o(.ARM.Collect$$$$00000001)
    _main_scatterload                        0x0001f205   Thumb Code     0  entry5.o(.ARM.Collect$$$$00000004)
    __main_after_scatterload                 0x0001f209   Thumb Code     0  entry5.o(.ARM.Collect$$$$00000004)
    _main_clock                              0x0001f209   Thumb Code     0  entry7b.o(.ARM.Collect$$$$00000008)
    _main_cpp_init                           0x0001f209   Thumb Code     0  entry8b.o(.ARM.Collect$$$$0000000A)
    _main_init                               0x0001f209   Thumb Code     0  entry9a.o(.ARM.Collect$$$$0000000B)
    __rt_final_cpp                           0x0001f211   Thumb Code     0  entry10a.o(.ARM.Collect$$$$0000000D)
    __rt_final_exit                          0x0001f211   Thumb Code     0  entry11a.o(.ARM.Collect$$$$0000000F)
    Reset_Handler                            0x0001f215   Thumb Code     8  arm_startup_nrf52.o(.text)
    NMI_Handler                              0x0001f21d   Thumb Code     2  arm_startup_nrf52.o(.text)
    HardFault_Handler                        0x0001f21f   Thumb Code     2  arm_startup_nrf52.o(.text)
    MemoryManagement_Handler                 0x0001f221   Thumb Code     2  arm_startup_nrf52.o(.text)
    BusFault_Handler                         0x0001f223   Thumb Code     2  arm_startup_nrf52.o(.text)
    UsageFault_Handler                       0x0001f225   Thumb Code     2  arm_startup_nrf52.o(.text)
    SVC_Handler                              0x0001f227   Thumb Code     2  arm_startup_nrf52.o(.text)
    DebugMon_Handler                         0x0001f229   Thumb Code     2  arm_startup_nrf52.o(.text)
    PendSV_Handler                           0x0001f22b   Thumb Code     2  arm_startup_nrf52.o(.text)
    SysTick_Handler                          0x0001f22d   Thumb Code     2  arm_startup_nrf52.o(.text)
    CCM_AAR_IRQHandler                       0x0001f22f   Thumb Code     0  arm_startup_nrf52.o(.text)
    COMP_LPCOMP_IRQHandler                   0x0001f22f   Thumb Code     0  arm_startup_nrf52.o(.text)
    ECB_IRQHandler                           0x0001f22f   Thumb Code     0  arm_startup_nrf52.o(.text)
    FPU_IRQHandler                           0x0001f22f   Thumb Code     0  arm_startup_nrf52.o(.text)
    I2S_IRQHandler                           0x0001f22f   Thumb Code     0  arm_startup_nrf52.o(.text)
    MWU_IRQHandler                           0x0001f22f   Thumb Code     0  arm_startup_nrf52.o(.text)
    NFCT_IRQHandler                          0x0001f22f   Thumb Code     0  arm_startup_nrf52.o(.text)
    PDM_IRQHandler                           0x0001f22f   Thumb Code     0  arm_startup_nrf52.o(.text)
    PWM1_IRQHandler                          0x0001f22f   Thumb Code     0  arm_startup_nrf52.o(.text)
    PWM2_IRQHandler                          0x0001f22f   Thumb Code     0  arm_startup_nrf52.o(.text)
    QDEC_IRQHandler                          0x0001f22f   Thumb Code     0  arm_startup_nrf52.o(.text)
    RADIO_IRQHandler                         0x0001f22f   Thumb Code     0  arm_startup_nrf52.o(.text)
    RNG_IRQHandler                           0x0001f22f   Thumb Code     0  arm_startup_nrf52.o(.text)
    RTC0_IRQHandler                          0x0001f22f   Thumb Code     0  arm_startup_nrf52.o(.text)
    RTC2_IRQHandler                          0x0001f22f   Thumb Code     0  arm_startup_nrf52.o(.text)
    SPIM1_SPIS1_TWIM1_TWIS1_SPI1_TWI1_IRQHandler 0x0001f22f   Thumb Code     0  arm_startup_nrf52.o(.text)
    SPIM2_SPIS2_SPI2_IRQHandler              0x0001f22f   Thumb Code     0  arm_startup_nrf52.o(.text)
    SWI1_EGU1_IRQHandler                     0x0001f22f   Thumb Code     0  arm_startup_nrf52.o(.text)
    SWI3_EGU3_IRQHandler                     0x0001f22f   Thumb Code     0  arm_startup_nrf52.o(.text)
    SWI4_EGU4_IRQHandler                     0x0001f22f   Thumb Code     0  arm_startup_nrf52.o(.text)
    SWI5_EGU5_IRQHandler                     0x0001f22f   Thumb Code     0  arm_startup_nrf52.o(.text)
    TEMP_IRQHandler                          0x0001f22f   Thumb Code     0  arm_startup_nrf52.o(.text)
    TIMER4_IRQHandler                        0x0001f22f   Thumb Code     0  arm_startup_nrf52.o(.text)
    WDT_IRQHandler                           0x0001f22f   Thumb Code     0  arm_startup_nrf52.o(.text)
    __aeabi_memcpy                           0x0001f239   Thumb Code    36  memcpya.o(.text)
    __aeabi_memcpy4                          0x0001f239   Thumb Code     0  memcpya.o(.text)
    __aeabi_memcpy8                          0x0001f239   Thumb Code     0  memcpya.o(.text)
    __aeabi_memset                           0x0001f25d   Thumb Code    14  memseta.o(.text)
    __aeabi_memset4                          0x0001f25d   Thumb Code     0  memseta.o(.text)
    __aeabi_memset8                          0x0001f25d   Thumb Code     0  memseta.o(.text)
    __aeabi_memclr                           0x0001f26b   Thumb Code     4  memseta.o(.text)
    __aeabi_memclr4                          0x0001f26b   Thumb Code     0  memseta.o(.text)
    __aeabi_memclr8                          0x0001f26b   Thumb Code     0  memseta.o(.text)
    _memset$wrapper                          0x0001f26f   Thumb Code    18  memseta.o(.text)
    __aeabi_dmul                             0x0001f281   Thumb Code   228  dmul.o(.text)
    __aeabi_ddiv                             0x0001f365   Thumb Code   222  ddiv.o(.text)
    __aeabi_uidiv                            0x0001f443   Thumb Code     0  uidiv.o(.text)
    __aeabi_uidivmod                         0x0001f443   Thumb Code    44  uidiv.o(.text)
    __aeabi_uldivmod                         0x0001f46f   Thumb Code    98  uldiv.o(.text)
    __I$use$fp                               0x0001f4d1   Thumb Code     0  iusefp.o(.text)
    _double_round                            0x0001f4d1   Thumb Code    30  depilogue.o(.text)
    _double_epilogue                         0x0001f4ef   Thumb Code   156  depilogue.o(.text)
    __aeabi_dadd                             0x0001f58b   Thumb Code   322  dadd.o(.text)
    __aeabi_dsub                             0x0001f6cd   Thumb Code     6  dadd.o(.text)
    __aeabi_drsub                            0x0001f6d3   Thumb Code     6  dadd.o(.text)
    __aeabi_d2ulz                            0x0001f6d9   Thumb Code    48  dfixul.o(.text)
    __aeabi_cdrcmple                         0x0001f709   Thumb Code    48  cdrcmple.o(.text)
    __scatterload                            0x0001f739   Thumb Code    28  init.o(.text)
    __scatterload_rt2                        0x0001f739   Thumb Code     0  init.o(.text)
    __aeabi_llsl                             0x0001f75d   Thumb Code    30  llshl.o(.text)
    _ll_shift_l                              0x0001f75d   Thumb Code     0  llshl.o(.text)
    __aeabi_llsr                             0x0001f77b   Thumb Code    32  llushr.o(.text)
    _ll_ushift_r                             0x0001f77b   Thumb Code     0  llushr.o(.text)
    __aeabi_lasr                             0x0001f79b   Thumb Code    36  llsshr.o(.text)
    _ll_sshift_r                             0x0001f79b   Thumb Code     0  llsshr.o(.text)
    BNO055_I2C_bus_read                      0x0001f7c1   Thumb Code    72  i2c_sensor.o(i.BNO055_I2C_bus_read)
    BNO055_I2C_bus_write                     0x0001f80d   Thumb Code    48  i2c_sensor.o(i.BNO055_I2C_bus_write)
    BNO055_delay_msek                        0x0001f841   Thumb Code    10  i2c_sensor.o(i.BNO055_delay_msek)
    GPIOTE_IRQHandler                        0x0001f84d   Thumb Code   362  nrf_drv_gpiote.o(i.GPIOTE_IRQHandler)
    I2C_routine                              0x0001f9c1   Thumb Code    22  i2c_sensor.o(i.I2C_routine)
    POWER_CLOCK_IRQHandler                   0x0001fa79   Thumb Code    84  nrf_drv_clock.o(i.POWER_CLOCK_IRQHandler)
    PWM0_IRQHandler                          0x0001fad1   Thumb Code     8  nrf_drv_pwm.o(i.PWM0_IRQHandler)
    RTC1_IRQHandler                          0x0001fae1   Thumb Code    32  app_timer.o(i.RTC1_IRQHandler)
    SAADC_IRQHandler                         0x0001fb05   Thumb Code   320  nrf_drv_saadc.o(i.SAADC_IRQHandler)
    SPIM0_SPIS0_TWIM0_TWIS0_SPI0_TWI0_IRQHandler 0x0001fc4d   Thumb Code     8  nrf_drv_twi.o(i.SPIM0_SPIS0_TWIM0_TWIS0_SPI0_TWI0_IRQHandler)
    SWI0_EGU0_IRQHandler                     0x0001fc5d   Thumb Code     4  app_timer.o(i.SWI0_EGU0_IRQHandler)
    SWI2_EGU2_IRQHandler                     0x0001fc61   Thumb Code    32  softdevice_handler.o(i.SWI2_EGU2_IRQHandler)
    SystemInit                               0x0001fc85   Thumb Code   700  system_nrf52.o(i.SystemInit)
    TIMER0_IRQHandler                        0x0001ff81   Thumb Code    10  nrf_drv_timer.o(i.TIMER0_IRQHandler)
    TIMER1_IRQHandler                        0x0001ff95   Thumb Code    10  nrf_drv_timer.o(i.TIMER1_IRQHandler)
    TIMER2_IRQHandler                        0x0001ffa9   Thumb Code    10  nrf_drv_timer.o(i.TIMER2_IRQHandler)
    TIMER3_IRQHandler                        0x0001ffbd   Thumb Code    10  nrf_drv_timer.o(i.TIMER3_IRQHandler)
    UARTE0_UART0_IRQHandler                  0x0001ffd1   Thumb Code    20  nrf_drv_uart.o(i.UARTE0_UART0_IRQHandler)
    __0printf                                0x0001ffed   Thumb Code    22  printfa.o(i.__0printf)
    __1printf                                0x0001ffed   Thumb Code     0  printfa.o(i.__0printf)
    __2printf                                0x0001ffed   Thumb Code     0  printfa.o(i.__0printf)
    __c89printf                              0x0001ffed   Thumb Code     0  printfa.o(i.__0printf)
    printf                                   0x0001ffed   Thumb Code     0  printfa.o(i.__0printf)
    __scatterload_copy                       0x0002000d   Thumb Code    14  handlers.o(i.__scatterload_copy)
    __scatterload_null                       0x0002001b   Thumb Code     2  handlers.o(i.__scatterload_null)
    __scatterload_zeroinit                   0x0002001d   Thumb Code    14  handlers.o(i.__scatterload_zeroinit)
    adv_data_encode                          0x00020903   Thumb Code   386  ble_advdata.o(i.adv_data_encode)
    advertising_init                         0x00020b15   Thumb Code    94  ble_custom.o(i.advertising_init)
    app_button_enable                        0x00020b7d   Thumb Code    32  app_button.o(i.app_button_enable)
    app_button_init                          0x00020ba1   Thumb Code    96  app_button.o(i.app_button_init)
    app_error_fault_handler                  0x00020c11   Thumb Code    46  app_error_weak.o(i.app_error_fault_handler)
    app_error_handler_bare                   0x00020c61   Thumb Code    22  app_error.o(i.app_error_handler_bare)
    app_fifo_get                             0x00020c77   Thumb Code    22  app_fifo.o(i.app_fifo_get)
    app_fifo_init                            0x00020c8d   Thumb Code    32  app_fifo.o(i.app_fifo_init)
    app_fifo_put                             0x00020cad   Thumb Code    26  app_fifo.o(i.app_fifo_put)
    app_timer_create                         0x00020cc9   Thumb Code    32  app_timer.o(i.app_timer_create)
    app_timer_init                           0x00020ced   Thumb Code   102  app_timer.o(i.app_timer_init)
    app_timer_start                          0x00020d5d   Thumb Code   128  app_timer.o(i.app_timer_start)
    app_timer_stop                           0x00020de5   Thumb Code    26  app_timer.o(i.app_timer_stop)
    app_uart_get                             0x00020e05   Thumb Code    42  app_uart_fifo.o(i.app_uart_get)
    app_uart_init                            0x00020e39   Thumb Code   164  app_uart_fifo.o(i.app_uart_init)
    app_uart_put                             0x00020eed   Thumb Code    52  app_uart_fifo.o(i.app_uart_put)
    app_util_critical_region_enter           0x00020f29   Thumb Code    64  app_util_platform.o(i.app_util_critical_region_enter)
    app_util_critical_region_exit            0x00020f71   Thumb Code    46  app_util_platform.o(i.app_util_critical_region_exit)
    ble_advdata_set                          0x00021071   Thumb Code   104  ble_advdata.o(i.ble_advdata_set)
    ble_advertising_init                     0x000210d9   Thumb Code   278  ble_advertising.o(i.ble_advertising_init)
    ble_advertising_on_ble_evt               0x000211f9   Thumb Code    88  ble_advertising.o(i.ble_advertising_on_ble_evt)
    ble_advertising_start                    0x00021255   Thumb Code   250  ble_advertising.o(i.ble_advertising_start)
    ble_conn_params_init                     0x00021359   Thumb Code    72  ble_conn_params.o(i.ble_conn_params_init)
    ble_conn_params_on_ble_evt               0x000213b1   Thumb Code   120  ble_conn_params.o(i.ble_conn_params_on_ble_evt)
    ble_evt_dispatch                         0x00021495   Thumb Code    38  ble_custom.o(i.ble_evt_dispatch)
    ble_nus_init                             0x000214c1   Thumb Code    94  ble_nus.o(i.ble_nus_init)
    ble_nus_on_ble_evt                       0x00021525   Thumb Code    92  ble_nus.o(i.ble_nus_on_ble_evt)
    ble_nus_string_send                      0x00021581   Thumb Code    78  ble_nus.o(i.ble_nus_string_send)
    ble_srv_is_notification_enabled          0x000215cf   Thumb Code     8  ble_srv_common.o(i.ble_srv_is_notification_enabled)
    ble_stack_init                           0x000215d9   Thumb Code    80  ble_custom.o(i.ble_stack_init)
    bno055_get_operation_mode                0x00021635   Thumb Code    76  bno055.o(i.bno055_get_operation_mode)
    bno055_init                              0x00021685   Thumb Code   194  bno055.o(i.bno055_init)
    bno055_set_operation_mode                0x0002174d   Thumb Code   170  bno055.o(i.bno055_set_operation_mode)
    bno055_set_power_mode                    0x000217fd   Thumb Code   124  bno055.o(i.bno055_set_power_mode)
    bno055_write_page_id                     0x0002187d   Thumb Code    78  bno055.o(i.bno055_write_page_id)
    bno055_write_register                    0x000218d1   Thumb Code    36  bno055.o(i.bno055_write_register)
    bsp_board_led_invert                     0x000218f9   Thumb Code    32  boards.o(i.bsp_board_led_invert)
    bsp_board_led_off                        0x0002191d   Thumb Code    10  boards.o(i.bsp_board_led_off)
    bsp_board_led_on                         0x0002192d   Thumb Code    10  boards.o(i.bsp_board_led_on)
    bsp_board_led_state_get                  0x0002193d   Thumb Code    24  boards.o(i.bsp_board_led_state_get)
    bsp_board_leds_off                       0x00021959   Thumb Code    18  boards.o(i.bsp_board_leds_off)
    bsp_board_leds_on                        0x0002196b   Thumb Code    18  boards.o(i.bsp_board_leds_on)
    bsp_board_pin_to_button_idx              0x0002197d   Thumb Code    20  boards.o(i.bsp_board_pin_to_button_idx)
    bsp_btn_ble_on_ble_evt                   0x00021995   Thumb Code   106  bsp_btn_ble.o(i.bsp_btn_ble_on_ble_evt)
    bsp_event_to_button_action_assign        0x00021a79   Thumb Code    48  bsp.o(i.bsp_event_to_button_action_assign)
    bsp_indication_set                       0x00021aad   Thumb Code    20  bsp.o(i.bsp_indication_set)
    buffer_is_empty                          0x00021ca1   Thumb Code    16  nrf_log_frontend.o(i.buffer_is_empty)
    button_init                              0x00021cfd   Thumb Code    80  button.o(i.button_init)
    conn_params_error_handler                0x00021f2d   Thumb Code     4  ble_custom.o(i.conn_params_error_handler)
    conn_params_init                         0x00021f31   Thumb Code    68  ble_custom.o(i.conn_params_init)
    digitalGetRate                           0x00022039   Thumb Code   194  adc.o(i.digitalGetRate)
    fputc                                    0x000221a7   Thumb Code    14  retarget.o(i.fputc)
    fs_queued_op_count_get                   0x000221b5   Thumb Code    16  fstorage.o(i.fs_queued_op_count_get)
    gap_params_init                          0x000221c9   Thumb Code    80  ble_custom.o(i.gap_params_init)
    getValue                                 0x00022221   Thumb Code    30  adc.o(i.getValue)
    gpio_init                                0x00022249   Thumb Code    58  main.o(i.gpio_init)
    intern_softdevice_events_execute         0x000222dd   Thumb Code   114  softdevice_handler.o(i.intern_softdevice_events_execute)
    lps25hInit                               0x000227b5   Thumb Code    30  lps25h.o(i.lps25hInit)
    lps25hSetEnabled                         0x000227d9   Thumb Code   204  lps25h.o(i.lps25hSetEnabled)
    main                                     0x000228ad   Thumb Code   168  main.o(i.main)
    nrf_bno055_init                          0x00022a81   Thumb Code    34  i2c_sensor.o(i.nrf_bno055_init)
    nrf_drv_clock_init                       0x00022d85   Thumb Code    68  nrf_drv_clock.o(i.nrf_drv_clock_init)
    nrf_drv_clock_on_sd_enable               0x00022dd1   Thumb Code    44  nrf_drv_clock.o(i.nrf_drv_clock_on_sd_enable)
    nrf_drv_clock_on_soc_event               0x00022e01   Thumb Code    10  nrf_drv_clock.o(i.nrf_drv_clock_on_soc_event)
    nrf_drv_common_irq_enable                0x00022e21   Thumb Code    56  nrf_drv_common.o(i.nrf_drv_common_irq_enable)
    nrf_drv_gpiote_in_event_enable           0x00022e61   Thumb Code   156  nrf_drv_gpiote.o(i.nrf_drv_gpiote_in_event_enable)
    nrf_drv_gpiote_in_init                   0x00022f05   Thumb Code   172  nrf_drv_gpiote.o(i.nrf_drv_gpiote_in_init)
    nrf_drv_gpiote_in_is_set                 0x00022fbd   Thumb Code    20  nrf_drv_gpiote.o(i.nrf_drv_gpiote_in_is_set)
    nrf_drv_gpiote_init                      0x00022fd1   Thumb Code    84  nrf_drv_gpiote.o(i.nrf_drv_gpiote_init)
    nrf_drv_gpiote_is_init                   0x0002302d   Thumb Code    14  nrf_drv_gpiote.o(i.nrf_drv_gpiote_is_init)
    nrf_drv_ppi_channel_alloc                0x00023061   Thumb Code   100  nrf_drv_ppi.o(i.nrf_drv_ppi_channel_alloc)
    nrf_drv_ppi_channel_assign               0x000230cd   Thumb Code    62  nrf_drv_ppi.o(i.nrf_drv_ppi_channel_assign)
    nrf_drv_ppi_channel_enable               0x00023111   Thumb Code    48  nrf_drv_ppi.o(i.nrf_drv_ppi_channel_enable)
    nrf_drv_ppi_init                         0x00023145   Thumb Code    18  nrf_drv_ppi.o(i.nrf_drv_ppi_init)
    nrf_drv_saadc_buffer_convert             0x0002315d   Thumb Code   154  nrf_drv_saadc.o(i.nrf_drv_saadc_buffer_convert)
    nrf_drv_saadc_channel_init               0x00023201   Thumb Code    62  nrf_drv_saadc.o(i.nrf_drv_saadc_channel_init)
    nrf_drv_saadc_init                       0x00023245   Thumb Code   118  nrf_drv_saadc.o(i.nrf_drv_saadc_init)
    nrf_drv_saadc_sample_task_get            0x000232cd   Thumb Code    20  nrf_drv_saadc.o(i.nrf_drv_saadc_sample_task_get)
    nrf_drv_timer_compare                    0x000232e9   Thumb Code    34  nrf_drv_timer.o(i.nrf_drv_timer_compare)
    nrf_drv_timer_enable                     0x0002330d   Thumb Code    24  nrf_drv_timer.o(i.nrf_drv_timer_enable)
    nrf_drv_timer_extended_compare           0x00023329   Thumb Code    42  nrf_drv_timer.o(i.nrf_drv_timer_extended_compare)
    nrf_drv_timer_init                       0x00023355   Thumb Code   138  nrf_drv_timer.o(i.nrf_drv_timer_init)
    nrf_drv_twi_enable                       0x000233e5   Thumb Code    28  nrf_drv_twi.o(i.nrf_drv_twi_enable)
    nrf_drv_twi_init                         0x00023405   Thumb Code   134  nrf_drv_twi.o(i.nrf_drv_twi_init)
    nrf_drv_twi_rx                           0x00023491   Thumb Code    32  nrf_drv_twi.o(i.nrf_drv_twi_rx)
    nrf_drv_twi_tx                           0x000234b5   Thumb Code    36  nrf_drv_twi.o(i.nrf_drv_twi_tx)
    nrf_drv_twi_xfer                         0x000234d9   Thumb Code    30  nrf_drv_twi.o(i.nrf_drv_twi_xfer)
    nrf_drv_uart_init                        0x000234fd   Thumb Code    98  nrf_drv_uart.o(i.nrf_drv_uart_init)
    nrf_drv_uart_rx                          0x00023565   Thumb Code   170  nrf_drv_uart.o(i.nrf_drv_uart_rx)
    nrf_drv_uart_rx_enable                   0x00023615   Thumb Code    42  nrf_drv_uart.o(i.nrf_drv_uart_rx_enable)
    nrf_drv_uart_tx                          0x0002379d   Thumb Code   262  nrf_drv_uart.o(i.nrf_drv_uart_tx)
    nrf_drv_uart_tx_in_progress              0x000238a9   Thumb Code    18  nrf_drv_uart.o(i.nrf_drv_uart_tx_in_progress)
    nrf_drv_uart_uninit                      0x000238c1   Thumb Code    74  nrf_drv_uart.o(i.nrf_drv_uart_uninit)
    nrf_log_backend_init                     0x00023a61   Thumb Code   100  nrf_log_backend_serial.o(i.nrf_log_backend_init)
    nrf_log_blocking_backend_set             0x00023ad1   Thumb Code     6  nrf_log_frontend.o(i.nrf_log_blocking_backend_set)
    nrf_log_frontend_dequeue                 0x00023ad9   Thumb Code   298  nrf_log_frontend.o(i.nrf_log_frontend_dequeue)
    nrf_log_frontend_std_0                   0x00023c09   Thumb Code    68  nrf_log_frontend.o(i.nrf_log_frontend_std_0)
    nrf_log_frontend_std_1                   0x00023c55   Thumb Code    80  nrf_log_frontend.o(i.nrf_log_frontend_std_1)
    nrf_saadc_channel_init                   0x00023ce1   Thumb Code   100  nrf_saadc.o(i.nrf_saadc_channel_init)
    nus_data_handler                         0x00023dcf   Thumb Code    48  ble_custom.o(i.nus_data_handler)
    on_adv_evt                               0x00023dff   Thumb Code    30  ble_custom.o(i.on_adv_evt)
    on_ble_evt                               0x00023e1d   Thumb Code   228  ble_custom.o(i.on_ble_evt)
    on_conn_params_evt                       0x00023f05   Thumb Code    24  ble_custom.o(i.on_conn_params_evt)
    power_manage                             0x00023fc9   Thumb Code    12  ble_custom.o(i.power_manage)
    saadc_callback                           0x00024169   Thumb Code    92  adc.o(i.saadc_callback)
    saadc_init                               0x000241d1   Thumb Code    90  adc.o(i.saadc_init)
    saadc_sampling_event_enable              0x00024239   Thumb Code    24  adc.o(i.saadc_sampling_event_enable)
    saadc_sampling_event_init                0x00024255   Thumb Code   126  adc.o(i.saadc_sampling_event_init)
    services_init                            0x000243d9   Thumb Code    24  ble_custom.o(i.services_init)
    softdevice_ble_evt_handler_set           0x00024485   Thumb Code    14  softdevice_handler.o(i.softdevice_ble_evt_handler_set)
    softdevice_enable                        0x00024499   Thumb Code    60  softdevice_handler.o(i.softdevice_enable)
    softdevice_enable_get_default_config     0x00024539   Thumb Code    38  softdevice_handler.o(i.softdevice_enable_get_default_config)
    softdevice_fault_handler                 0x0002455f   Thumb Code     4  softdevice_handler.o(i.softdevice_fault_handler)
    softdevice_handler_init                  0x00024565   Thumb Code    92  softdevice_handler.o(i.softdevice_handler_init)
    softdevice_handler_is_enabled            0x000245c9   Thumb Code     6  softdevice_handler.o(i.softdevice_handler_is_enabled)
    timer_handler                            0x000245d5   Thumb Code     2  adc.o(i.timer_handler)
    twi_init                                 0x00024859   Thumb Code    40  i2c_sensor.o(i.twi_init)
    uart_event_handle                        0x00024ba1   Thumb Code    82  uart.o(i.uart_event_handle)
    uart_init                                0x00024cb1   Thumb Code    54  uart.o(i.uart_init)
    m_timer                                  0x000250b0   Data           8  adc.o(.constdata)
    Region$$Table$$Base                      0x000251d4   Number         0  anon$$obj.o(Region$$Table)
    Region$$Table$$Limit                     0x000251f4   Number         0  anon$$obj.o(Region$$Table)
    Image$$RW_IRAM1$$Base                    0x20002128   Number         0  anon$$obj.o ABSOLUTE
    m_conn_handle                            0x20002128   Data           2  ble_custom.o(.data)
    first_button_release                     0x20002130   Data           1  button.o(.data)
    device_state                             0x20002131   Data           1  button.o(.data)
    valueCount_                              0x20002148   Data           1  adc.o(.data)
    m_ppi_channel                            0x2000214a   Data           1  adc.o(.data)
    valueFlag                                0x2000214b   Data           1  adc.o(.data)
    rate                                     0x2000214c   Data           2  adc.o(.data)
    nowTim                                   0x20002150   Data           4  adc.o(.data)
    lastTim                                  0x20002154   Data           4  adc.o(.data)
    m_buffer_pool                            0x20002158   Data           4  adc.o(.data)
    m_adc_value                              0x2000215c   Data           4  adc.o(.data)
    millis                                   0x20002160   Data           4  adc.o(.data)
    __stdout                                 0x20002208   Data           4  retarget.o(.data)
    SystemCoreClock                          0x20002230   Data           4  system_nrf52.o(.data)
    m_nus                                    0x200022fc   Data          28  ble_custom.o(.bss)
    bno055                                   0x2000254c   Data          24  i2c_sensor.o(.bss)
    value                                    0x20002564   Data         200  adc.o(.bss)
    nrf_nvic_state                           0x200028f8   Data          12  app_util_platform.o(.bss)
    __initial_sp                             0x20004d88   Data           0  arm_startup_nrf52.o(STACK)



==============================================================================

Memory Map of the image

  Image Entry point : 0x0001f201

  Load Region LR_IROM1 (Base: 0x0001f000, Size: 0x00006300, Max: 0x00061000, ABSOLUTE)

    Execution Region ER_IROM1 (Exec base: 0x0001f000, Load base: 0x0001f000, Size: 0x000061f4, Max: 0x00061000, ABSOLUTE)

    Exec Addr    Load Addr    Size         Type   Attr      Idx    E Section Name        Object

    0x0001f000   0x0001f000   0x00000200   Data   RO         5797    RESET               arm_startup_nrf52.o
    0x0001f200   0x0001f200   0x00000000   Code   RO         5852  * .ARM.Collect$$$$00000000  mc_w.l(entry.o)
    0x0001f200   0x0001f200   0x00000004   Code   RO         6180    .ARM.Collect$$$$00000001  mc_w.l(entry2.o)
    0x0001f204   0x0001f204   0x00000004   Code   RO         6183    .ARM.Collect$$$$00000004  mc_w.l(entry5.o)
    0x0001f208   0x0001f208   0x00000000   Code   RO         6185    .ARM.Collect$$$$00000008  mc_w.l(entry7b.o)
    0x0001f208   0x0001f208   0x00000000   Code   RO         6187    .ARM.Collect$$$$0000000A  mc_w.l(entry8b.o)
    0x0001f208   0x0001f208   0x00000008   Code   RO         6188    .ARM.Collect$$$$0000000B  mc_w.l(entry9a.o)
    0x0001f210   0x0001f210   0x00000000   Code   RO         6190    .ARM.Collect$$$$0000000D  mc_w.l(entry10a.o)
    0x0001f210   0x0001f210   0x00000000   Code   RO         6192    .ARM.Collect$$$$0000000F  mc_w.l(entry11a.o)
    0x0001f210   0x0001f210   0x00000004   Code   RO         6181    .ARM.Collect$$$$00002712  mc_w.l(entry2.o)
    0x0001f214   0x0001f214   0x00000024   Code   RO         5798    .text               arm_startup_nrf52.o
    0x0001f238   0x0001f238   0x00000024   Code   RO         5883    .text               mc_w.l(memcpya.o)
    0x0001f25c   0x0001f25c   0x00000024   Code   RO         5885    .text               mc_w.l(memseta.o)
    0x0001f280   0x0001f280   0x000000e4   Code   RO         6154    .text               mf_w.l(dmul.o)
    0x0001f364   0x0001f364   0x000000de   Code   RO         6156    .text               mf_w.l(ddiv.o)
    0x0001f442   0x0001f442   0x0000002c   Code   RO         6194    .text               mc_w.l(uidiv.o)
    0x0001f46e   0x0001f46e   0x00000062   Code   RO         6196    .text               mc_w.l(uldiv.o)
    0x0001f4d0   0x0001f4d0   0x00000000   Code   RO         6205    .text               mc_w.l(iusefp.o)
    0x0001f4d0   0x0001f4d0   0x000000ba   Code   RO         6208    .text               mf_w.l(depilogue.o)
    0x0001f58a   0x0001f58a   0x0000014e   Code   RO         6210    .text               mf_w.l(dadd.o)
    0x0001f6d8   0x0001f6d8   0x00000030   Code   RO         6212    .text               mf_w.l(dfixul.o)
    0x0001f708   0x0001f708   0x00000030   Code   RO         6214    .text               mf_w.l(cdrcmple.o)
    0x0001f738   0x0001f738   0x00000024   Code   RO         6218    .text               mc_w.l(init.o)
    0x0001f75c   0x0001f75c   0x0000001e   Code   RO         6220    .text               mc_w.l(llshl.o)
    0x0001f77a   0x0001f77a   0x00000020   Code   RO         6222    .text               mc_w.l(llushr.o)
    0x0001f79a   0x0001f79a   0x00000024   Code   RO         6224    .text               mc_w.l(llsshr.o)
    0x0001f7be   0x0001f7be   0x00000002   PAD
    0x0001f7c0   0x0001f7c0   0x0000004c   Code   RO          558    i.BNO055_I2C_bus_read  i2c_sensor.o
    0x0001f80c   0x0001f80c   0x00000034   Code   RO          559    i.BNO055_I2C_bus_write  i2c_sensor.o
    0x0001f840   0x0001f840   0x0000000a   Code   RO          560    i.BNO055_delay_msek  i2c_sensor.o
    0x0001f84a   0x0001f84a   0x00000002   PAD
    0x0001f84c   0x0001f84c   0x00000174   Code   RO         3401    i.GPIOTE_IRQHandler  nrf_drv_gpiote.o
    0x0001f9c0   0x0001f9c0   0x00000028   Code   RO          561    i.I2C_routine       i2c_sensor.o
    0x0001f9e8   0x0001f9e8   0x00000016   Code   RO         4785    i.NVIC_ClearPendingIRQ  app_timer.o
    0x0001f9fe   0x0001f9fe   0x00000016   Code   RO         5650    i.NVIC_DisableIRQ   softdevice_handler.o
    0x0001fa14   0x0001fa14   0x00000016   Code   RO         4786    i.NVIC_EnableIRQ    app_timer.o
    0x0001fa2a   0x0001fa2a   0x00000016   Code   RO         5651    i.NVIC_EnableIRQ    softdevice_handler.o
    0x0001fa40   0x0001fa40   0x00000016   Code   RO         4787    i.NVIC_SetPendingIRQ  app_timer.o
    0x0001fa56   0x0001fa56   0x00000020   Code   RO         4788    i.NVIC_SetPriority  app_timer.o
    0x0001fa76   0x0001fa76   0x00000002   PAD
    0x0001fa78   0x0001fa78   0x00000058   Code   RO         3191    i.POWER_CLOCK_IRQHandler  nrf_drv_clock.o
    0x0001fad0   0x0001fad0   0x00000010   Code   RO         4465    i.PWM0_IRQHandler   nrf_drv_pwm.o
    0x0001fae0   0x0001fae0   0x00000024   Code   RO         4789    i.RTC1_IRQHandler   app_timer.o
    0x0001fb04   0x0001fb04   0x00000148   Code   RO         4011    i.SAADC_IRQHandler  nrf_drv_saadc.o
    0x0001fc4c   0x0001fc4c   0x00000010   Code   RO         3873    i.SPIM0_SPIS0_TWIM0_TWIS0_SPI0_TWI0_IRQHandler  nrf_drv_twi.o
    0x0001fc5c   0x0001fc5c   0x00000004   Code   RO         4790    i.SWI0_EGU0_IRQHandler  app_timer.o
    0x0001fc60   0x0001fc60   0x00000024   Code   RO         5652    i.SWI2_EGU2_IRQHandler  softdevice_handler.o
    0x0001fc84   0x0001fc84   0x000002fc   Code   RO         5806    i.SystemInit        system_nrf52.o
    0x0001ff80   0x0001ff80   0x00000014   Code   RO         4148    i.TIMER0_IRQHandler  nrf_drv_timer.o
    0x0001ff94   0x0001ff94   0x00000014   Code   RO         4149    i.TIMER1_IRQHandler  nrf_drv_timer.o
    0x0001ffa8   0x0001ffa8   0x00000014   Code   RO         4150    i.TIMER2_IRQHandler  nrf_drv_timer.o
    0x0001ffbc   0x0001ffbc   0x00000014   Code   RO         4151    i.TIMER3_IRQHandler  nrf_drv_timer.o
    0x0001ffd0   0x0001ffd0   0x0000001c   Code   RO         3641    i.UARTE0_UART0_IRQHandler  nrf_drv_uart.o
    0x0001ffec   0x0001ffec   0x00000020   Code   RO         6126    i.__0printf         mc_w.l(printfa.o)
    0x0002000c   0x0002000c   0x0000000e   Code   RO         6228    i.__scatterload_copy  mc_w.l(handlers.o)
    0x0002001a   0x0002001a   0x00000002   Code   RO         6229    i.__scatterload_null  mc_w.l(handlers.o)
    0x0002001c   0x0002001c   0x0000000e   Code   RO         6230    i.__scatterload_zeroinit  mc_w.l(handlers.o)
    0x0002002a   0x0002002a   0x00000002   PAD
    0x0002002c   0x0002002c   0x00000024   Code   RO         5653    i.__sd_nvic_app_accessible_irq  softdevice_handler.o
    0x00020050   0x00020050   0x00000184   Code   RO         6133    i._fp_digits        mc_w.l(printfa.o)
    0x000201d4   0x000201d4   0x000006dc   Code   RO         6134    i._printf_core      mc_w.l(printfa.o)
    0x000208b0   0x000208b0   0x00000024   Code   RO         6135    i._printf_post_padding  mc_w.l(printfa.o)
    0x000208d4   0x000208d4   0x0000002e   Code   RO         6136    i._printf_pre_padding  mc_w.l(printfa.o)
    0x00020902   0x00020902   0x00000182   Code   RO         2852    i.adv_data_encode   ble_advdata.o
    0x00020a84   0x00020a84   0x00000058   Code   RO         2932    i.adv_mode_next_avail_get  ble_advertising.o
    0x00020adc   0x00020adc   0x00000036   Code   RO         2770    i.advertising_buttons_configure  bsp_btn_ble.o
    0x00020b12   0x00020b12   0x00000002   PAD
    0x00020b14   0x00020b14   0x00000068   Code   RO          346    i.advertising_init  ble_custom.o
    0x00020b7c   0x00020b7c   0x00000024   Code   RO         4577    i.app_button_enable  app_button.o
    0x00020ba0   0x00020ba0   0x00000070   Code   RO         4578    i.app_button_init   app_button.o
    0x00020c10   0x00020c10   0x00000050   Code   RO         4681    i.app_error_fault_handler  app_error_weak.o
    0x00020c60   0x00020c60   0x00000016   Code   RO         4639    i.app_error_handler_bare  app_error.o
    0x00020c76   0x00020c76   0x00000016   Code   RO         4713    i.app_fifo_get      app_fifo.o
    0x00020c8c   0x00020c8c   0x00000020   Code   RO         4714    i.app_fifo_init     app_fifo.o
    0x00020cac   0x00020cac   0x0000001a   Code   RO         4716    i.app_fifo_put      app_fifo.o
    0x00020cc6   0x00020cc6   0x00000002   PAD
    0x00020cc8   0x00020cc8   0x00000024   Code   RO         4793    i.app_timer_create  app_timer.o
    0x00020cec   0x00020cec   0x00000070   Code   RO         4794    i.app_timer_init    app_timer.o
    0x00020d5c   0x00020d5c   0x00000088   Code   RO         4795    i.app_timer_start   app_timer.o
    0x00020de4   0x00020de4   0x00000020   Code   RO         4796    i.app_timer_stop    app_timer.o
    0x00020e04   0x00020e04   0x00000034   Code   RO         4944    i.app_uart_get      app_uart_fifo.o
    0x00020e38   0x00020e38   0x000000b4   Code   RO         4945    i.app_uart_init     app_uart_fifo.o
    0x00020eec   0x00020eec   0x0000003c   Code   RO         4946    i.app_uart_put      app_uart_fifo.o
    0x00020f28   0x00020f28   0x00000048   Code   RO         5008    i.app_util_critical_region_enter  app_util_platform.o
    0x00020f70   0x00020f70   0x00000034   Code   RO         5009    i.app_util_critical_region_exit  app_util_platform.o
    0x00020fa4   0x00020fa4   0x000000b8   Code   RO         3642    i.apply_config      nrf_drv_uart.o
    0x0002105c   0x0002105c   0x00000014   Code   RO         4284    i.are_app_channels  nrf_drv_ppi.o
    0x00021070   0x00021070   0x00000068   Code   RO         2853    i.ble_advdata_set   ble_advdata.o
    0x000210d8   0x000210d8   0x00000120   Code   RO         2933    i.ble_advertising_init  ble_advertising.o
    0x000211f8   0x000211f8   0x0000005c   Code   RO         2934    i.ble_advertising_on_ble_evt  ble_advertising.o
    0x00021254   0x00021254   0x00000104   Code   RO         2938    i.ble_advertising_start  ble_advertising.o
    0x00021358   0x00021358   0x00000058   Code   RO         3017    i.ble_conn_params_init  ble_conn_params.o
    0x000213b0   0x000213b0   0x00000084   Code   RO         3018    i.ble_conn_params_on_ble_evt  ble_conn_params.o
    0x00021434   0x00021434   0x00000060   Code   RO         2854    i.ble_device_addr_encode  ble_advdata.o
    0x00021494   0x00021494   0x0000002c   Code   RO          348    i.ble_evt_dispatch  ble_custom.o
    0x000214c0   0x000214c0   0x00000064   Code   RO         3144    i.ble_nus_init      ble_nus.o
    0x00021524   0x00021524   0x0000005c   Code   RO         3145    i.ble_nus_on_ble_evt  ble_nus.o
    0x00021580   0x00021580   0x0000004e   Code   RO         3146    i.ble_nus_string_send  ble_nus.o
    0x000215ce   0x000215ce   0x00000008   Code   RO         3087    i.ble_srv_is_notification_enabled  ble_srv_common.o
    0x000215d6   0x000215d6   0x00000002   PAD
    0x000215d8   0x000215d8   0x0000005c   Code   RO          349    i.ble_stack_init    ble_custom.o
    0x00021634   0x00021634   0x00000050   Code   RO          834    i.bno055_get_operation_mode  bno055.o
    0x00021684   0x00021684   0x000000c8   Code   RO          853    i.bno055_init       bno055.o
    0x0002174c   0x0002174c   0x000000b0   Code   RO          952    i.bno055_set_operation_mode  bno055.o
    0x000217fc   0x000217fc   0x00000080   Code   RO          953    i.bno055_set_power_mode  bno055.o
    0x0002187c   0x0002187c   0x00000054   Code   RO          965    i.bno055_write_page_id  bno055.o
    0x000218d0   0x000218d0   0x00000028   Code   RO          966    i.bno055_write_register  bno055.o
    0x000218f8   0x000218f8   0x00000024   Code   RO         2544    i.bsp_board_led_invert  boards.o
    0x0002191c   0x0002191c   0x00000010   Code   RO         2545    i.bsp_board_led_off  boards.o
    0x0002192c   0x0002192c   0x00000010   Code   RO         2546    i.bsp_board_led_on  boards.o
    0x0002193c   0x0002193c   0x0000001c   Code   RO         2547    i.bsp_board_led_state_get  boards.o
    0x00021958   0x00021958   0x00000012   Code   RO         2549    i.bsp_board_leds_off  boards.o
    0x0002196a   0x0002196a   0x00000012   Code   RO         2550    i.bsp_board_leds_on  boards.o
    0x0002197c   0x0002197c   0x00000018   Code   RO         2551    i.bsp_board_pin_to_button_idx  boards.o
    0x00021994   0x00021994   0x00000070   Code   RO         2772    i.bsp_btn_ble_on_ble_evt  bsp_btn_ble.o
    0x00021a04   0x00021a04   0x00000074   Code   RO         2657    i.bsp_button_event_handler  bsp.o
    0x00021a78   0x00021a78   0x00000034   Code   RO         2661    i.bsp_event_to_button_action_assign  bsp.o
    0x00021aac   0x00021aac   0x00000018   Code   RO         2662    i.bsp_indication_set  bsp.o
    0x00021ac4   0x00021ac4   0x00000174   Code   RO         2664    i.bsp_led_indication  bsp.o
    0x00021c38   0x00021c38   0x00000068   Code   RO         5363    i.buf_prealloc      nrf_log_frontend.o
    0x00021ca0   0x00021ca0   0x00000014   Code   RO         5364    i.buffer_is_empty   nrf_log_frontend.o
    0x00021cb4   0x00021cb4   0x00000048   Code   RO          510    i.button_handler    button.o
    0x00021cfc   0x00021cfc   0x00000060   Code   RO          511    i.button_init       button.o
    0x00021d5c   0x00021d5c   0x0000001c   Code   RO         3402    i.channel_free      nrf_drv_gpiote.o
    0x00021d78   0x00021d78   0x00000048   Code   RO         3403    i.channel_port_alloc  nrf_drv_gpiote.o
    0x00021dc0   0x00021dc0   0x00000010   Code   RO         3404    i.channel_port_get  nrf_drv_gpiote.o
    0x00021dd0   0x00021dd0   0x00000028   Code   RO         3192    i.clock_clk_started_notify  nrf_drv_clock.o
    0x00021df8   0x00021df8   0x000000ac   Code   RO         4798    i.compare_reg_update  app_timer.o
    0x00021ea4   0x00021ea4   0x00000088   Code   RO         2855    i.conn_int_encode   ble_advdata.o
    0x00021f2c   0x00021f2c   0x00000004   Code   RO          352    i.conn_params_error_handler  ble_custom.o
    0x00021f30   0x00021f30   0x0000004c   Code   RO          353    i.conn_params_init  ble_custom.o
    0x00021f7c   0x00021f7c   0x0000005c   Code   RO         3020    i.conn_params_negotiation  ble_conn_params.o
    0x00021fd8   0x00021fd8   0x00000060   Code   RO         4580    i.detection_delay_timeout_handler  app_button.o
    0x00022038   0x00022038   0x00000108   Code   RO         2354    i.digitalGetRate    adc.o
    0x00022140   0x00022140   0x00000040   Code   RO         4799    i.elapsed_ticks_acquire  app_timer.o
    0x00022180   0x00022180   0x00000014   Code   RO         4719    i.fifo_get          app_fifo.o
    0x00022194   0x00022194   0x00000012   Code   RO         4720    i.fifo_put          app_fifo.o
    0x000221a6   0x000221a6   0x0000000e   Code   RO         5214    i.fputc             retarget.o
    0x000221b4   0x000221b4   0x00000014   Code   RO         5066    i.fs_queued_op_count_get  fstorage.o
    0x000221c8   0x000221c8   0x00000058   Code   RO          354    i.gap_params_init   ble_custom.o
    0x00022220   0x00022220   0x00000028   Code   RO         2355    i.getValue          adc.o
    0x00022248   0x00022248   0x0000003a   Code   RO            4    i.gpio_init         main.o
    0x00022282   0x00022282   0x00000002   PAD
    0x00022284   0x00022284   0x00000058   Code   RO         4581    i.gpiote_event_handler  app_button.o
    0x000222dc   0x000222dc   0x00000078   Code   RO         5654    i.intern_softdevice_events_execute  softdevice_handler.o
    0x00022354   0x00022354   0x00000078   Code   RO         3643    i.interrupts_enable  nrf_drv_uart.o
    0x000223cc   0x000223cc   0x00000042   Code   RO         4152    i.irq_handler       nrf_drv_timer.o
    0x0002240e   0x0002240e   0x0000009e   Code   RO         4467    i.irq_handler       nrf_drv_pwm.o
    0x000224ac   0x000224ac   0x0000014e   Code   RO         3874    i.irq_handler_twim  nrf_drv_twi.o
    0x000225fa   0x000225fa   0x00000002   PAD
    0x000225fc   0x000225fc   0x00000018   Code   RO         4285    i.is_allocated_channel  nrf_drv_ppi.o
    0x00022614   0x00022614   0x0000000a   Code   RO         4287    i.is_app_channel    nrf_drv_ppi.o
    0x0002261e   0x0002261e   0x00000002   PAD
    0x00022620   0x00022620   0x0000001c   Code   RO         3021    i.is_conn_params_ok  ble_conn_params.o
    0x0002263c   0x0002263c   0x00000018   Code   RO         4289    i.is_programmable_app_channel  nrf_drv_ppi.o
    0x00022654   0x00022654   0x000000a8   Code   RO         4800    i.list_deletions_handler  app_timer.o
    0x000226fc   0x000226fc   0x000000b8   Code   RO         4801    i.list_insertions_handler  app_timer.o
    0x000227b4   0x000227b4   0x00000024   Code   RO          626    i.lps25hInit        lps25h.o
    0x000227d8   0x000227d8   0x000000d4   Code   RO          629    i.lps25hSetEnabled  lps25h.o
    0x000228ac   0x000228ac   0x000000c4   Code   RO            5    i.main              main.o
    0x00022970   0x00022970   0x00000064   Code   RO         2856    i.manuf_specific_data_encode  ble_advdata.o
    0x000229d4   0x000229d4   0x0000009c   Code   RO         2857    i.name_encode       ble_advdata.o
    0x00022a70   0x00022a70   0x00000010   Code   RO         3405    i.nrf_bitmask_bit_is_set  nrf_drv_gpiote.o
    0x00022a80   0x00022a80   0x00000028   Code   RO          562    i.nrf_bno055_init   i2c_sensor.o
    0x00022aa8   0x00022aa8   0x0000000e   Code   RO         3196    i.nrf_clock_event_check  nrf_drv_clock.o
    0x00022ab6   0x00022ab6   0x00000010   Code   RO         3197    i.nrf_clock_event_clear  nrf_drv_clock.o
    0x00022ac6   0x00022ac6   0x00000002   PAD
    0x00022ac8   0x00022ac8   0x0000008c   Code   RO            6    i.nrf_delay_us      main.o
    0x00022b54   0x00022b54   0x0000008c   Code   RO          563    i.nrf_delay_us      i2c_sensor.o
    0x00022be0   0x00022be0   0x0000008c   Code   RO          631    i.nrf_delay_us      lps25h.o
    0x00022c6c   0x00022c6c   0x0000008c   Code   RO         3875    i.nrf_delay_us      nrf_drv_twi.o
    0x00022cf8   0x00022cf8   0x0000008c   Code   RO         4802    i.nrf_delay_us      app_timer.o
    0x00022d84   0x00022d84   0x0000004c   Code   RO         3204    i.nrf_drv_clock_init  nrf_drv_clock.o
    0x00022dd0   0x00022dd0   0x00000030   Code   RO         3211    i.nrf_drv_clock_on_sd_enable  nrf_drv_clock.o
    0x00022e00   0x00022e00   0x0000000a   Code   RO         3212    i.nrf_drv_clock_on_soc_event  nrf_drv_clock.o
    0x00022e0a   0x00022e0a   0x00000016   Code   RO         3644    i.nrf_drv_common_irq_disable  nrf_drv_uart.o
    0x00022e20   0x00022e20   0x00000038   Code   RO         3365    i.nrf_drv_common_irq_enable  nrf_drv_common.o
    0x00022e58   0x00022e58   0x00000006   Code   RO         3645    i.nrf_drv_get_IRQn  nrf_drv_uart.o
    0x00022e5e   0x00022e5e   0x00000002   PAD
    0x00022e60   0x00022e60   0x000000a4   Code   RO         3410    i.nrf_drv_gpiote_in_event_enable  nrf_drv_gpiote.o
    0x00022f04   0x00022f04   0x000000b8   Code   RO         3411    i.nrf_drv_gpiote_in_init  nrf_drv_gpiote.o
    0x00022fbc   0x00022fbc   0x00000014   Code   RO         3412    i.nrf_drv_gpiote_in_is_set  nrf_drv_gpiote.o
    0x00022fd0   0x00022fd0   0x0000005c   Code   RO         3414    i.nrf_drv_gpiote_init  nrf_drv_gpiote.o
    0x0002302c   0x0002302c   0x00000014   Code   RO         3415    i.nrf_drv_gpiote_is_init  nrf_drv_gpiote.o
    0x00023040   0x00023040   0x00000010   Code   RO         3646    i.nrf_drv_is_in_RAM  nrf_drv_uart.o
    0x00023050   0x00023050   0x00000010   Code   RO         3876    i.nrf_drv_is_in_RAM  nrf_drv_twi.o
    0x00023060   0x00023060   0x0000006c   Code   RO         4290    i.nrf_drv_ppi_channel_alloc  nrf_drv_ppi.o
    0x000230cc   0x000230cc   0x00000044   Code   RO         4291    i.nrf_drv_ppi_channel_assign  nrf_drv_ppi.o
    0x00023110   0x00023110   0x00000034   Code   RO         4293    i.nrf_drv_ppi_channel_enable  nrf_drv_ppi.o
    0x00023144   0x00023144   0x00000018   Code   RO         4302    i.nrf_drv_ppi_init  nrf_drv_ppi.o
    0x0002315c   0x0002315c   0x000000a4   Code   RO         4013    i.nrf_drv_saadc_buffer_convert  nrf_drv_saadc.o
    0x00023200   0x00023200   0x00000044   Code   RO         4015    i.nrf_drv_saadc_channel_init  nrf_drv_saadc.o
    0x00023244   0x00023244   0x00000088   Code   RO         4017    i.nrf_drv_saadc_init  nrf_drv_saadc.o
    0x000232cc   0x000232cc   0x0000001c   Code   RO         4022    i.nrf_drv_saadc_sample_task_get  nrf_drv_saadc.o
    0x000232e8   0x000232e8   0x00000022   Code   RO         4155    i.nrf_drv_timer_compare  nrf_drv_timer.o
    0x0002330a   0x0002330a   0x00000002   PAD
    0x0002330c   0x0002330c   0x0000001c   Code   RO         4159    i.nrf_drv_timer_enable  nrf_drv_timer.o
    0x00023328   0x00023328   0x0000002a   Code   RO         4160    i.nrf_drv_timer_extended_compare  nrf_drv_timer.o
    0x00023352   0x00023352   0x00000002   PAD
    0x00023354   0x00023354   0x00000090   Code   RO         4162    i.nrf_drv_timer_init  nrf_drv_timer.o
    0x000233e4   0x000233e4   0x00000020   Code   RO         3879    i.nrf_drv_twi_enable  nrf_drv_twi.o
    0x00023404   0x00023404   0x0000008c   Code   RO         3880    i.nrf_drv_twi_init  nrf_drv_twi.o
    0x00023490   0x00023490   0x00000024   Code   RO         3881    i.nrf_drv_twi_rx    nrf_drv_twi.o
    0x000234b4   0x000234b4   0x00000024   Code   RO         3884    i.nrf_drv_twi_tx    nrf_drv_twi.o
    0x000234d8   0x000234d8   0x00000024   Code   RO         3886    i.nrf_drv_twi_xfer  nrf_drv_twi.o
    0x000234fc   0x000234fc   0x00000068   Code   RO         3648    i.nrf_drv_uart_init  nrf_drv_uart.o
    0x00023564   0x00023564   0x000000b0   Code   RO         3649    i.nrf_drv_uart_rx   nrf_drv_uart.o
    0x00023614   0x00023614   0x00000030   Code   RO         3652    i.nrf_drv_uart_rx_enable  nrf_drv_uart.o
    0x00023644   0x00023644   0x000000a8   Code   RO         3653    i.nrf_drv_uart_rx_for_uart  nrf_drv_uart.o
    0x000236ec   0x000236ec   0x000000b0   Code   RO         3654    i.nrf_drv_uart_rx_for_uarte  nrf_drv_uart.o
    0x0002379c   0x0002379c   0x0000010c   Code   RO         3655    i.nrf_drv_uart_tx   nrf_drv_uart.o
    0x000238a8   0x000238a8   0x00000018   Code   RO         3657    i.nrf_drv_uart_tx_in_progress  nrf_drv_uart.o
    0x000238c0   0x000238c0   0x00000054   Code   RO         3658    i.nrf_drv_uart_uninit  nrf_drv_uart.o
    0x00023914   0x00023914   0x00000024   Code   RO            7    i.nrf_gpio_cfg      main.o
    0x00023938   0x00023938   0x00000024   Code   RO         3429    i.nrf_gpio_cfg      nrf_drv_gpiote.o
    0x0002395c   0x0002395c   0x00000024   Code   RO         3659    i.nrf_gpio_cfg      nrf_drv_uart.o
    0x00023980   0x00023980   0x00000012   Code   RO         3660    i.nrf_gpio_cfg_default  nrf_drv_uart.o
    0x00023992   0x00023992   0x00000012   Code   RO         3661    i.nrf_gpio_cfg_input  nrf_drv_uart.o
    0x000239a4   0x000239a4   0x00000014   Code   RO            8    i.nrf_gpio_cfg_output  main.o
    0x000239b8   0x000239b8   0x00000014   Code   RO         3662    i.nrf_gpio_cfg_output  nrf_drv_uart.o
    0x000239cc   0x000239cc   0x00000022   Code   RO         3431    i.nrf_gpio_cfg_sense_set  nrf_drv_gpiote.o
    0x000239ee   0x000239ee   0x0000000e   Code   RO         3887    i.nrf_gpio_pin_set  nrf_drv_twi.o
    0x000239fc   0x000239fc   0x00000016   Code   RO         2554    i.nrf_gpio_pin_write  boards.o
    0x00023a12   0x00023a12   0x00000002   PAD
    0x00023a14   0x00023a14   0x00000028   Code   RO         3432    i.nrf_gpio_ports_read  nrf_drv_gpiote.o
    0x00023a3c   0x00023a3c   0x00000014   Code   RO         3433    i.nrf_gpiote_event_clear  nrf_drv_gpiote.o
    0x00023a50   0x00023a50   0x00000010   Code   RO         3434    i.nrf_gpiote_event_is_set  nrf_drv_gpiote.o
    0x00023a60   0x00023a60   0x00000070   Code   RO         5271    i.nrf_log_backend_init  nrf_log_backend_serial.o
    0x00023ad0   0x00023ad0   0x00000006   Code   RO         5366    i.nrf_log_blocking_backend_set  nrf_log_frontend.o
    0x00023ad6   0x00023ad6   0x00000002   PAD
    0x00023ad8   0x00023ad8   0x00000130   Code   RO         5367    i.nrf_log_frontend_dequeue  nrf_log_frontend.o
    0x00023c08   0x00023c08   0x0000004c   Code   RO         5370    i.nrf_log_frontend_std_0  nrf_log_frontend.o
    0x00023c54   0x00023c54   0x00000058   Code   RO         5371    i.nrf_log_frontend_std_1  nrf_log_frontend.o
    0x00023cac   0x00023cac   0x0000000a   Code   RO         4474    i.nrf_pwm_event_check  nrf_drv_pwm.o
    0x00023cb6   0x00023cb6   0x0000000c   Code   RO         4475    i.nrf_pwm_event_clear  nrf_drv_pwm.o
    0x00023cc2   0x00023cc2   0x0000000c   Code   RO         4476    i.nrf_pwm_int_enable_check  nrf_drv_pwm.o
    0x00023cce   0x00023cce   0x00000002   PAD
    0x00023cd0   0x00023cd0   0x00000010   Code   RO         4024    i.nrf_saadc_buffer_init  nrf_drv_saadc.o
    0x00023ce0   0x00023ce0   0x00000068   Code   RO         4438    i.nrf_saadc_channel_init  nrf_saadc.o
    0x00023d48   0x00023d48   0x00000014   Code   RO         4025    i.nrf_saadc_channel_input_set  nrf_drv_saadc.o
    0x00023d5c   0x00023d5c   0x00000010   Code   RO         4026    i.nrf_saadc_event_check  nrf_drv_saadc.o
    0x00023d6c   0x00023d6c   0x00000014   Code   RO         4027    i.nrf_saadc_event_clear  nrf_drv_saadc.o
    0x00023d80   0x00023d80   0x0000000a   Code   RO         3888    i.nrf_twim_event_check  nrf_drv_twi.o
    0x00023d8a   0x00023d8a   0x0000000c   Code   RO         3889    i.nrf_twim_event_clear  nrf_drv_twi.o
    0x00023d96   0x00023d96   0x0000000a   Code   RO         3663    i.nrf_uart_event_check  nrf_drv_uart.o
    0x00023da0   0x00023da0   0x0000000c   Code   RO         3664    i.nrf_uart_event_clear  nrf_drv_uart.o
    0x00023dac   0x00023dac   0x0000000c   Code   RO         3665    i.nrf_uart_int_enable_check  nrf_drv_uart.o
    0x00023db8   0x00023db8   0x0000000a   Code   RO         3666    i.nrf_uarte_event_check  nrf_drv_uart.o
    0x00023dc2   0x00023dc2   0x0000000c   Code   RO         3667    i.nrf_uarte_event_clear  nrf_drv_uart.o
    0x00023dce   0x00023dce   0x00000030   Code   RO          355    i.nus_data_handler  ble_custom.o
    0x00023dfe   0x00023dfe   0x0000001e   Code   RO          356    i.on_adv_evt        ble_custom.o
    0x00023e1c   0x00023e1c   0x000000e8   Code   RO          357    i.on_ble_evt        ble_custom.o
    0x00023f04   0x00023f04   0x0000001c   Code   RO          358    i.on_conn_params_evt  ble_custom.o
    0x00023f20   0x00023f20   0x00000018   Code   RO         3435    i.pin_in_use_by_port  nrf_drv_gpiote.o
    0x00023f38   0x00023f38   0x00000018   Code   RO         3436    i.pin_in_use_by_te  nrf_drv_gpiote.o
    0x00023f50   0x00023f50   0x00000078   Code   RO         3668    i.pins_to_default   nrf_drv_uart.o
    0x00023fc8   0x00023fc8   0x0000000c   Code   RO          359    i.power_manage      ble_custom.o
    0x00023fd4   0x00023fd4   0x00000010   Code   RO         5655    i.ram_end_address_get  softdevice_handler.o
    0x00023fe4   0x00023fe4   0x0000003c   Code   RO         4803    i.rtc1_stop         app_timer.o
    0x00024020   0x00024020   0x00000032   Code   RO         3669    i.rx_byte           nrf_drv_uart.o
    0x00024052   0x00024052   0x000000dc   Code   RO         3147    i.rx_char_add       ble_nus.o
    0x0002412e   0x0002412e   0x00000018   Code   RO         3670    i.rx_done_event     nrf_drv_uart.o
    0x00024146   0x00024146   0x00000020   Code   RO         3671    i.rx_enable         nrf_drv_uart.o
    0x00024166   0x00024166   0x00000002   PAD
    0x00024168   0x00024168   0x00000068   Code   RO         2358    i.saadc_callback    adc.o
    0x000241d0   0x000241d0   0x00000068   Code   RO         2359    i.saadc_init        adc.o
    0x00024238   0x00024238   0x0000001c   Code   RO         2360    i.saadc_sampling_event_enable  adc.o
    0x00024254   0x00024254   0x0000008c   Code   RO         2361    i.saadc_sampling_event_init  adc.o
    0x000242e0   0x000242e0   0x00000070   Code   RO         5657    i.sd_nvic_EnableIRQ  softdevice_handler.o
    0x00024350   0x00024350   0x00000088   Code   RO         2858    i.service_data_encode  ble_advdata.o
    0x000243d8   0x000243d8   0x00000020   Code   RO          360    i.services_init     ble_custom.o
    0x000243f8   0x000243f8   0x00000048   Code   RO         2940    i.set_adv_mode_fast  ble_advertising.o
    0x00024440   0x00024440   0x00000044   Code   RO         2941    i.set_adv_mode_slow  ble_advertising.o
    0x00024484   0x00024484   0x00000014   Code   RO         5658    i.softdevice_ble_evt_handler_set  softdevice_handler.o
    0x00024498   0x00024498   0x000000a0   Code   RO         5659    i.softdevice_enable  softdevice_handler.o
    0x00024538   0x00024538   0x00000026   Code   RO         5660    i.softdevice_enable_get_default_config  softdevice_handler.o
    0x0002455e   0x0002455e   0x00000004   Code   RO         5661    i.softdevice_fault_handler  softdevice_handler.o
    0x00024562   0x00024562   0x00000002   PAD
    0x00024564   0x00024564   0x00000064   Code   RO         5662    i.softdevice_handler_init  softdevice_handler.o
    0x000245c8   0x000245c8   0x0000000c   Code   RO         5663    i.softdevice_handler_is_enabled  softdevice_handler.o
    0x000245d4   0x000245d4   0x00000002   Code   RO         2362    i.timer_handler     adc.o
    0x000245d6   0x000245d6   0x00000002   PAD
    0x000245d8   0x000245d8   0x0000008c   Code   RO         4804    i.timer_list_handler  app_timer.o
    0x00024664   0x00024664   0x0000003c   Code   RO         4805    i.timer_list_insert  app_timer.o
    0x000246a0   0x000246a0   0x00000040   Code   RO          512    i.timer_long_button_handler  button.o
    0x000246e0   0x000246e0   0x00000048   Code   RO         4806    i.timer_stop_op_schedule  app_timer.o
    0x00024728   0x00024728   0x00000084   Code   RO         4807    i.timer_timeouts_check  app_timer.o
    0x000247ac   0x000247ac   0x000000aa   Code   RO         3890    i.twi_clear_bus     nrf_drv_twi.o
    0x00024856   0x00024856   0x00000002   PAD
    0x00024858   0x00024858   0x0000002c   Code   RO          564    i.twi_init          i2c_sensor.o
    0x00024884   0x00024884   0x00000240   Code   RO         3891    i.twim_xfer         nrf_drv_twi.o
    0x00024ac4   0x00024ac4   0x00000020   Code   RO         3672    i.tx_byte           nrf_drv_uart.o
    0x00024ae4   0x00024ae4   0x000000a0   Code   RO         3148    i.tx_char_add       ble_nus.o
    0x00024b84   0x00024b84   0x0000001c   Code   RO         3673    i.tx_done_event     nrf_drv_uart.o
    0x00024ba0   0x00024ba0   0x00000060   Code   RO          477    i.uart_event_handle  uart.o
    0x00024c00   0x00024c00   0x000000a0   Code   RO         4947    i.uart_event_handler  app_uart_fifo.o
    0x00024ca0   0x00024ca0   0x00000010   Code   RO         5278    i.uart_event_handler  nrf_log_backend_serial.o
    0x00024cb0   0x00024cb0   0x00000048   Code   RO          478    i.uart_init         uart.o
    0x00024cf8   0x00024cf8   0x0000011e   Code   RO         3674    i.uart_irq_handler  nrf_drv_uart.o
    0x00024e16   0x00024e16   0x000000f0   Code   RO         3675    i.uarte_irq_handler  nrf_drv_uart.o
    0x00024f06   0x00024f06   0x0000000a   Code   RO         2859    i.uint16_encode     ble_advdata.o
    0x00024f10   0x00024f10   0x00000060   Code   RO         3022    i.update_timeout_handler  ble_conn_params.o
    0x00024f70   0x00024f70   0x00000030   Code   RO         4808    i.user_op_alloc     app_timer.o
    0x00024fa0   0x00024fa0   0x00000030   Code   RO         2860    i.uuid_list_encode  ble_advdata.o
    0x00024fd0   0x00024fd0   0x0000009e   Code   RO         2861    i.uuid_list_sized_encode  ble_advdata.o
    0x0002506e   0x0002506e   0x00000002   PAD
    0x00025070   0x00025070   0x00000004   Data   RO          363    .constdata          ble_custom.o
    0x00025074   0x00025074   0x00000018   Data   RO          480    .constdata          uart.o
    0x0002508c   0x0002508c   0x00000004   Data   RO          514    .constdata          button.o
    0x00025090   0x00025090   0x00000018   Data   RO          566    .constdata          i2c_sensor.o
    0x000250a8   0x000250a8   0x00000008   Data   RO          632    .constdata          lps25h.o
    0x000250b0   0x000250b0   0x00000025   Data   RO         2364    .constdata          adc.o
    0x000250d5   0x000250d5   0x00000004   Data   RO         2555    .constdata          boards.o
    0x000250d9   0x000250d9   0x00000003   PAD
    0x000250dc   0x000250dc   0x00000014   Data   RO         2673    .constdata          bsp.o
    0x000250f0   0x000250f0   0x00000004   Data   RO         3025    .constdata          ble_conn_params.o
    0x000250f4   0x000250f4   0x00000010   Data   RO         3149    .constdata          ble_nus.o
    0x00025104   0x00025104   0x00000004   Data   RO         3438    .constdata          nrf_drv_gpiote.o
    0x00025108   0x00025108   0x0000000c   Data   RO         3896    .constdata          nrf_drv_twi.o
    0x00025114   0x00025114   0x00000004   Data   RO         4030    .constdata          nrf_drv_saadc.o
    0x00025118   0x00025118   0x00000008   Data   RO         4583    .constdata          app_button.o
    0x00025120   0x00025120   0x00000020   Data   RO         4949    .constdata          app_uart_fifo.o
    0x00025140   0x00025140   0x00000020   Data   RO         5281    .constdata          nrf_log_backend_serial.o
    0x00025160   0x00025160   0x00000024   Data   RO         5382    .constdata          nrf_log_frontend.o
    0x00025184   0x00025184   0x0000000b   Data   RO         5383    .conststring        nrf_log_frontend.o
    0x0002518f   0x0002518f   0x00000001   PAD
    0x00025190   0x00025190   0x00000042   Data   RO         5669    .conststring        softdevice_handler.o
    0x000251d2   0x000251d2   0x00000002   PAD
    0x000251d4   0x000251d4   0x00000020   Data   RO         6226    Region$$Table       anon$$obj.o


    Execution Region RW_IRAM1 (Exec base: 0x20002128, Load base: 0x000251f4, Size: 0x00002c60, Max: 0x0000ded8, ABSOLUTE)

    Exec Addr    Load Addr    Size         Type   Attr      Idx    E Section Name        Object

    0x20002128   0x000251f4   0x00000006   Data   RW          364    .data               ble_custom.o
    0x2000212e   0x000251fa   0x00000001   Data   RW          481    .data               uart.o
    0x2000212f   0x000251fb   0x00000001   PAD
    0x20002130   0x000251fc   0x00000010   Data   RW          515    .data               button.o
    0x20002140   0x0002520c   0x00000002   Data   RW          633    .data               lps25h.o
    0x20002142   0x0002520e   0x00000002   PAD
    0x20002144   0x00025210   0x00000004   Data   RW          968    .data               bno055.o
    0x20002148   0x00025214   0x0000001c   Data   RW         2366    .data               adc.o
    0x20002164   0x00025230   0x00000014   Data   RW         2674    .data               bsp.o
    0x20002178   0x00025244   0x00000008   Data   RW         2774    .data               bsp_btn_ble.o
    0x20002180   0x0002524c   0x0000001f   Data   RW         2943    .data               ble_advertising.o
    0x2000219f   0x0002526b   0x00000001   PAD
    0x200021a0   0x0002526c   0x00000014   Data   RW         3026    .data               ble_conn_params.o
    0x200021b4   0x00025280   0x00000008   Data   RW         4318    .data               nrf_drv_ppi.o
    0x200021bc   0x00025288   0x00000008   Data   RW         4484    .data               nrf_drv_pwm.o
    0x200021c4   0x00025290   0x00000014   Data   RW         4584    .data               app_button.o
    0x200021d8   0x000252a4   0x00000020   Data   RW         4809    .data               app_timer.o
    0x200021f8   0x000252c4   0x00000010   Data   RW         4950    .data               app_uart_fifo.o
    0x20002208   0x000252d4   0x00000004   Data   RW         5215    .data               retarget.o
    0x2000220c   0x000252d8   0x0000000c   Data   RW         5282    .data               nrf_log_backend_serial.o
    0x20002218   0x000252e4   0x00000004   Data   RW         5384    .data               nrf_log_frontend.o
    0x2000221c   0x000252e8   0x00000014   Data   RW         5670    .data               softdevice_handler.o
    0x20002230   0x000252fc   0x00000004   Data   RW         5807    .data               system_nrf52.o
    0x20002234        -       0x00000078   Zero   RW            9    .bss                main.o
    0x200022ac        -       0x0000006c   Zero   RW          362    .bss                ble_custom.o
    0x20002318        -       0x00000214   Zero   RW          479    .bss                uart.o
    0x2000252c        -       0x00000020   Zero   RW          513    .bss                button.o
    0x2000254c        -       0x00000018   Zero   RW          565    .bss                i2c_sensor.o
    0x20002564        -       0x000000f0   Zero   RW         2363    .bss                adc.o
    0x20002654        -       0x00000020   Zero   RW         2670    .bss                bsp.o
    0x20002674        -       0x00000020   Zero   RW         2671    .bss                bsp.o
    0x20002694        -       0x00000020   Zero   RW         2672    .bss                bsp.o
    0x200026b4        -       0x000000b3   Zero   RW         2942    .bss                ble_advertising.o
    0x20002767   0x00025300   0x00000001   PAD
    0x20002768        -       0x00000020   Zero   RW         3023    .bss                ble_conn_params.o
    0x20002788        -       0x0000001c   Zero   RW         3024    .bss                ble_conn_params.o
    0x200027a4        -       0x00000014   Zero   RW         3214    .bss                nrf_drv_clock.o
    0x200027b8        -       0x00000058   Zero   RW         3437    .bss                nrf_drv_gpiote.o
    0x20002810        -       0x00000020   Zero   RW         3676    .bss                nrf_drv_uart.o
    0x20002830        -       0x00000028   Zero   RW         3892    .bss                nrf_drv_twi.o
    0x20002858        -       0x00000030   Zero   RW         4029    .bss                nrf_drv_saadc.o
    0x20002888        -       0x00000030   Zero   RW         4166    .bss                nrf_drv_timer.o
    0x200028b8        -       0x00000020   Zero   RW         4582    .bss                app_button.o
    0x200028d8        -       0x00000020   Zero   RW         4948    .bss                app_uart_fifo.o
    0x200028f8        -       0x0000000c   Zero   RW         5012    .bss                app_util_platform.o
    0x20002904        -       0x00000068   Zero   RW         5075    .bss                fstorage.o
    0x2000296c        -       0x00000418   Zero   RW         5381    .bss                nrf_log_frontend.o
    0x20002d84   0x00025300   0x00000004   PAD
    0x20002d88        -       0x00002000   Zero   RW         5795    STACK               arm_startup_nrf52.o


==============================================================================

Image component sizes


      Code (inc. data)   RO Data    RW Data    ZI Data      Debug   Object Name

       682        124         37         28        240      14639   adc.o
       332         34          8         20         32      10070   app_button.o
        22          0          0          0          0       2225   app_error.o
        80         34          0          0          0      27361   app_error_weak.o
       118          0          0          0          0       4922   app_fifo.o
      1694        114          0         32          0      64227   app_timer.o
       452         42         32         16         32      10770   app_uart_fifo.o
       124         14          0          0         12       9442   app_util_platform.o
        36          8        512          0       8192        916   arm_startup_nrf52.o
      1330          0          0          0          0      30652   ble_advdata.o
       868         54          0         31        179       9724   ble_advertising.o
       436         54          4         20         60       5780   ble_conn_params.o
       790         60          4          6        108      14103   ble_custom.o
       650          6         16          0          0       5778   ble_nus.o
         8          0          0          0          0       1430   ble_srv_common.o
       708         30          0          4          0       5797   bno055.o
       178         24          4          0          0      10031   boards.o
       564         50         20         20         96      10005   bsp.o
       166          6          0          8          0       3361   bsp_btn_ble.o
       232         28          4         16         32       7590   button.o
        20          4          0          0        104       3756   fstorage.o
       402         44         24          0         24       5865   i2c_sensor.o
       388         22          8          2          0       2448   lps25h.o
       450         36          0          0        120     189074   main.o
       292         22          0          0         20      12680   nrf_drv_clock.o
        56          0          0          0          0      29267   nrf_drv_common.o
      1178         84          4          0         88      28368   nrf_drv_gpiote.o
       330         40          0          8          0      12993   nrf_drv_ppi.o
       208          8          0          8          0      11522   nrf_drv_pwm.o
       796         68          4          0         48      17660   nrf_drv_saadc.o
       394         50          0          0         48      18715   nrf_drv_timer.o
      1568         42         12          0         40      24652   nrf_drv_twi.o
      2384         82          0          0         32      72350   nrf_drv_uart.o
       128         16         32         12          0       3563   nrf_log_backend_serial.o
       598         38         47          4       1048       9277   nrf_log_frontend.o
       104          4          0          0          0       6629   nrf_saadc.o
        14          0          0          4          0       2838   retarget.o
       698        140         66         20          0      43579   softdevice_handler.o
       764         64          0          4          0       2919   system_nrf52.o
       168         32         24          1        532       1860   uart.o

    ----------------------------------------------------------------------
     20450       1478        900        268      11092     748838   Object Totals
         0          0         32          0          0          0   (incl. Generated)
        40          0          6          4          5          0   (incl. Padding)

    ----------------------------------------------------------------------

      Code (inc. data)   RO Data    RW Data    ZI Data      Debug   Library Member Name

         0          0          0          0          0          0   entry.o
         0          0          0          0          0          0   entry10a.o
         0          0          0          0          0          0   entry11a.o
         8          4          0          0          0          0   entry2.o
         4          0          0          0          0          0   entry5.o
         0          0          0          0          0          0   entry7b.o
         0          0          0          0          0          0   entry8b.o
         8          4          0          0          0          0   entry9a.o
        30          0          0          0          0          0   handlers.o
        36          8          0          0          0         68   init.o
         0          0          0          0          0          0   iusefp.o
        30          0          0          0          0         68   llshl.o
        36          0          0          0          0         68   llsshr.o
        32          0          0          0          0         68   llushr.o
        36          0          0          0          0         68   memcpya.o
        36          0          0          0          0        108   memseta.o
      2258         90          0          0          0        452   printfa.o
        44          0          0          0          0         80   uidiv.o
        98          0          0          0          0         92   uldiv.o
        48          0          0          0          0         68   cdrcmple.o
       334          0          0          0          0        148   dadd.o
       222          0          0          0          0        100   ddiv.o
       186          0          0          0          0        176   depilogue.o
        48          0          0          0          0         68   dfixul.o
       228          0          0          0          0         96   dmul.o

    ----------------------------------------------------------------------
      3726        106          0          0          0       1728   Library Totals
         4          0          0          0          0          0   (incl. Padding)

    ----------------------------------------------------------------------

      Code (inc. data)   RO Data    RW Data    ZI Data      Debug   Library Name

      2656        106          0          0          0       1072   mc_w.l
      1066          0          0          0          0        656   mf_w.l

    ----------------------------------------------------------------------
      3726        106          0          0          0       1728   Library Totals

    ----------------------------------------------------------------------

==============================================================================


      Code (inc. data)   RO Data    RW Data    ZI Data      Debug   

     24176       1584        900        268      11092     725486   Grand Totals
     24176       1584        900        268      11092     725486   ELF Image Totals
     24176       1584        900        268          0          0   ROM Totals

==============================================================================

    Total RO  Size (Code + RO Data)                25076 (  24.49kB)
    Total RW  Size (RW Data + ZI Data)             11360 (  11.09kB)
    Total ROM Size (Code + RO Data + RW Data)      25344 (  24.75kB)

==============================================================================

